[19:53:52] [main/INFO]: Loading Minecraft 26.2 with Fabric Loader 0.19.3
[19:53:52] [main/INFO]: Loading 128 mods:
	- badoptimizations 2.4.1
	- bettergrass 1.8.7+fabric.26.2
	- blazesdl 0.1.12
	   |-- blazesdl-api 1.0.0
	   |-- org_lwjgl_lwjgl_sdl 3.4.1
	   |-- org_lwjgl_lwjgl_sdl_natives_linux 3.4.1
	   |-- org_lwjgl_lwjgl_sdl_natives_linux_arm32 3.4.1
	   |-- org_lwjgl_lwjgl_sdl_natives_linux_arm64 3.4.1
	   |-- org_lwjgl_lwjgl_sdl_natives_macos 3.4.1
	   |-- org_lwjgl_lwjgl_sdl_natives_macos_arm64 3.4.1
	   |-- org_lwjgl_lwjgl_sdl_natives_windows 3.4.1
	   |-- org_lwjgl_lwjgl_sdl_natives_windows_arm64 3.4.1
	   \-- org_lwjgl_lwjgl_sdl_natives_windows_x86 3.4.1
	- capes 1.5.11+26.2
	- chatpatches 8.0-alpha.11
	- clearwaterlava 1
	- cloth-config 26.2.155
	   \-- cloth-basic-math 0.6.1
	- cushionbackport 1.0.5
	- dark-loading-screen 1.6.19
	- disable-lighting 1.1.0
	- dontjoinmylobby 1.1
	- eg_stop_unloading_my_shaders 1.5.1+26.2
	- emojitype 3.1.0-26.2
	- entityculling 1.10.5
	   |-- transition 1.0.21
	   \-- trender 1.0.15
	- fabric-api 0.158.0+26.2
	   |-- fabric-api-base 2.0.4+ece063239e
	   |-- fabric-api-lookup-api-v1 2.0.17+11e1c9a39e
	   |-- fabric-biome-api-v1 18.0.6+c7bd5b8e9e
	   |-- fabric-block-api-v1 3.0.3+ec56b6019e
	   |-- fabric-block-getter-api-v2 2.0.7+ec56b6019e
	   |-- fabric-command-api-v2 3.1.0+00cb03469e
	   |-- fabric-content-registries-v0 11.3.1+37b1aa249e
	   |-- fabric-convention-tags-v2 4.7.0+1f023a9e9e
	   |-- fabric-crash-report-info-v1 1.0.5+086d547a9e
	   |-- fabric-creative-tab-api-v1 5.0.14+d871b99e9e
	   |-- fabric-data-attachment-api-v1 2.2.18+515ac5339e
	   |-- fabric-data-generation-api-v1 25.5.0+aed122aa9e
	   |-- fabric-debug-api-v1 1.0.2+c792624d9e
	   |-- fabric-dimensions-v1 5.1.11+515ac5339e
	   |-- fabric-entity-events-v1 5.0.5+06488ac19e
	   |-- fabric-events-interaction-v0 5.2.7+515ac5339e
	   |-- fabric-game-rule-api-v1 4.0.8+46a6d00c9e
	   |-- fabric-item-api-v1 14.5.0+c68f6cbe9e
	   |-- fabric-key-mapping-api-v1 2.0.5+e2bdee789e
	   |-- fabric-lifecycle-events-v1 4.1.3+4575b05f9e
	   |-- fabric-loot-api-v3 3.0.17+06488ac19e
	   |-- fabric-menu-api-v1 2.0.16+086d547a9e
	   |-- fabric-message-api-v1 7.0.8+bb2ed3f79e
	   |-- fabric-model-loading-api-v1 8.0.16+c80601bb9e
	   |-- fabric-networking-api-v1 6.3.3+72073ef09e
	   |-- fabric-object-builder-api-v1 24.1.0+6fcd5f039e
	   |-- fabric-particles-v1 5.0.18+d1756aa99e
	   |-- fabric-permission-api-v1 1.0.5+e442d8d09e
	   |-- fabric-recipe-api-v1 9.0.20+11e1c9a39e
	   |-- fabric-registry-sync-v0 7.1.0+c7bd5b8e9e
	   |-- fabric-renderer-api-v1 14.1.3+2b0d8a229e
	   |-- fabric-renderer-indigo 9.1.3+2b0d8a229e
	   |-- fabric-rendering-fluids-v1 6.0.4+06488ac19e
	   |-- fabric-rendering-v1 25.3.2+515ac5339e
	   |-- fabric-resource-conditions-api-v1 6.1.0+10e9a28b9e
	   |-- fabric-resource-loader-v0 3.3.20+4fc5413f9e
	   |-- fabric-resource-loader-v1 2.0.13+9edec1269e
	   |-- fabric-screen-api-v1 5.2.0+58e078ad9e
	   |-- fabric-serialization-api-v1 2.0.4+11a26f319e
	   |-- fabric-sound-api-v1 2.0.5+11a26f319e
	   |-- fabric-tag-api-v1 2.1.4+515ac5339e
	   |-- fabric-transfer-api-v1 8.0.12+11dbb7d79e
	   \-- fabric-transitive-access-wideners-v1 8.1.4+67c847259e
	- fabric-language-kotlin 1.13.13+kotlin.2.4.10
	   |-- org_jetbrains_kotlin_kotlin-reflect 2.4.10
	   |-- org_jetbrains_kotlin_kotlin-stdlib 2.4.10
	   |-- org_jetbrains_kotlin_kotlin-stdlib-jdk7 2.4.10
	   |-- org_jetbrains_kotlin_kotlin-stdlib-jdk8 2.4.10
	   |-- org_jetbrains_kotlinx_atomicfu-jvm 0.33.0
	   |-- org_jetbrains_kotlinx_kotlinx-coroutines-core-jvm 1.11.0
	   |-- org_jetbrains_kotlinx_kotlinx-coroutines-jdk8 1.11.0
	   |-- org_jetbrains_kotlinx_kotlinx-datetime-jvm 0.8.0
	   |-- org_jetbrains_kotlinx_kotlinx-io-bytestring-jvm 0.9.1
	   |-- org_jetbrains_kotlinx_kotlinx-io-core-jvm 0.9.1
	   |-- org_jetbrains_kotlinx_kotlinx-serialization-cbor-jvm 1.11.0
	   |-- org_jetbrains_kotlinx_kotlinx-serialization-core-jvm 1.11.0
	   \-- org_jetbrains_kotlinx_kotlinx-serialization-json-jvm 1.11.0
	- fabricloader 0.19.3
	   \-- mixinextras 0.5.4
	- fastquit 3.1.5+mc26.2
	- ferritecore 9.0.0
	- fpsdisplay 5.1.0+26.2
	- hudmanager 4.0.3
	- immediatelyfast 1.16.4+26.2
	- java 25
	- languagereload 1.7.7+26.2
	- lithium 0.25.3+mc26.2
	- minecraft 26.2
	- modmenu 20.0.1
	   \-- fabric-api-base 2.0.4+ece063239e
	- moreculling 1.8.1
	   |-- conditional-mixin 0.6.3
	   \-- mixinsquared 0.2.0
	- norealmsbutton 3.0.4
	- notenoughcrashes 4.4.9+26.2
	- nvidium 0.4.4-beta5-26.2
	- omnilook 0.2.1
	- pingview 1.6
	- placeholder-api 3.1.0-beta.1+26.2
	- quick-pack 1.5.0
	- removebuttons 1.0.1
	- simply-no-shading 8.0.0-alpha.5+mc26.2
	- sodium 0.9.1+mc26.2
	- stfu 2.9.1
	- thirdpersonnametags 1.7.3
	- too_many_entities 1.2.4
	- visuality 0.7.14+26.2
	- wi_zoom 1.7-MC26.2
	- windowfix 1.0.1
	- worldedit 7.4.5+7590-b8dc4c1
	   |-- fabric-api-base 2.0.4+ece063239e
	   \-- worldeditcui_protocol 4.0.3
	- worldeditcui 26.2+02
	   |-- fabric-api-base 2.0.4+ece063239e
	   |-- fabric-resource-loader-v0 3.3.20+4fc5413f9e
	   |-- fabric-transitive-access-wideners-v1 8.1.4+67c847259e
	   \-- worldeditcui_protocol 4.0.3
	- yet_another_config_lib_v3 3.9.6+26.2-fabric
	   |-- com_twelvemonkeys_common_common-image 3.12.0
	   |-- com_twelvemonkeys_common_common-io 3.12.0
	   |-- com_twelvemonkeys_common_common-lang 3.12.0
	   |-- com_twelvemonkeys_imageio_imageio-core 3.12.0
	   |-- com_twelvemonkeys_imageio_imageio-metadata 3.12.0
	   |-- com_twelvemonkeys_imageio_imageio-webp 3.12.0
	   |-- org_quiltmc_parsers_gson 0.2.1
	   \-- org_quiltmc_parsers_json 0.2.1
[19:53:52] [main/INFO]: SpongePowered MIXIN Subsystem Version=0.8.7 Source=file:/home/helminth/.local/share/PrismLauncher/libraries/net/fabricmc/sponge-mixin/0.17.3+mixin.0.8.7/sponge-mixin-0.17.3+mixin.0.8.7.jar Service=Knot/Fabric Env=CLIENT
[19:53:52] [main/INFO]: Compatibility level set to JAVA_17
[19:53:52] [main/INFO]: Compatibility level set to JAVA_21
[19:53:52] [main/INFO]: Compatibility level set to JAVA_25
[19:53:52] [main/INFO]: Config version: 6
[19:53:52] [main/INFO]: BadOptimizations config dump:
[19:53:52] [main/INFO]: enable_toast_optimizations: true
[19:53:52] [main/INFO]: ignore_mod_incompatibilities: false
[19:53:52] [main/INFO]: lightmap_time_change_needed_for_update: 80
[19:53:52] [main/INFO]: enable_lightmap_caching: true
[19:53:52] [main/INFO]: enable_particle_manager_optimization: true
[19:53:52] [main/INFO]: enable_entity_renderer_caching: true
[19:53:52] [main/INFO]: log_config: true
[19:53:52] [main/INFO]: enable_remove_redundant_fov_calculations: true
[19:53:52] [main/INFO]: config_version: 6
[19:53:52] [main/INFO]: enable_sky_angle_caching_in_worldrenderer: true
[19:53:52] [main/INFO]: enable_block_entity_renderer_caching: true
[19:53:52] [main/INFO]: skycolor_time_change_needed_for_update: 3
[19:53:52] [main/INFO]: enable_entity_flag_caching: true
[19:53:52] [main/INFO]: ignore_mod_cache_hooks: false
[19:53:52] [main/INFO]: enable_debug_renderer_disable_if_not_needed: true
[19:53:52] [main/INFO]: enable_sky_color_caching: true
[19:53:52] [main/INFO]: enable_remove_tutorial_if_not_demo: true
[19:53:52] [main/INFO]: show_f3_text: true
[19:53:52] [main/WARN]: Reference map 'entityculling.refmap.mixins.json' for entityculling.mixins.json could not be read. If this is a development environment you can ignore this message
[19:53:53] [main/INFO]: Loaded configuration file for Lithium: 171 options available, 1 override(s) found.
[19:53:53] [main/INFO]: Omnilook mixin plugin detected platform: Fabric
[19:53:53] [main/WARN]: Reference map 'quick_pack.refmap.json' for quick-pack.mixins.json could not be read. If this is a development environment you can ignore this message
[19:53:53] [main/INFO]: Loaded configuration file for Sodium: 36 options available, 0 override(s) found
[19:53:53] [main/WARN]: Reference map 'yet_another_config_lib_v3.refmap.json' for yacl.mixins.json could not be read. If this is a development environment you can ignore this message
[19:53:53] [main/WARN]: Reference map 'yet_another_config_lib_v3.refmap.json' for yacl-fabric.mixins.json could not be read. If this is a development environment you can ignore this message
[19:53:53] [main/INFO]: Force-enabling mixin 'compat.worldedit.LevelChunkMixin' as rule 'mixin.compat.worldedit' (added by mods [lithium]) enables it
[19:53:53] [main/WARN]: Error loading class: me/juancarloscp52/bedrockify/client/features/bedrockShading/BedrockBlockShading (java.lang.ClassNotFoundException: me/juancarloscp52/bedrockify/client/features/bedrockShading/BedrockBlockShading)
[19:53:53] [main/WARN]: Error loading class: net/irisshaders/iris/config/IrisConfig (java.lang.ClassNotFoundException: net/irisshaders/iris/config/IrisConfig)
[19:53:53] [main/WARN]: @Mixin target net.irisshaders.iris.config.IrisConfig was not found simply-no-shading.mixins.json:iris.IrisConfigMixin from mod simply-no-shading
[19:53:54] [main/INFO]: Found mixins: [fabric.CameraMixin, fabric.OptionsMixin, fabric.MouseHandlerMixin]
[19:53:54] [main/INFO]: Searching for graphics cards...
[19:53:54] [main/INFO]: Found graphics adapter: LinuxPciAdapterInfo[vendor=NVIDIA, name=GA107M [GeForce RTX 3050 Ti Mobile], pciVendorId=0x10de, pciDeviceId=0x25a0]
[19:53:54] [main/INFO]: Found graphics adapter: LinuxPciAdapterInfo[vendor=AMD, name=Cezanne [Radeon Vega Series / Radeon Vega Mobile Series], pciVendorId=0x1002, pciDeviceId=0x1638]
[19:53:54] [main/WARN]: Sodium has applied one or more workarounds to prevent crashes or other issues on your system: [NVIDIA_THREADED_OPTIMIZATIONS_BROKEN, NO_ERROR_CONTEXT_UNSUPPORTED]
[19:53:54] [main/WARN]: This is not necessarily an issue, but it may result in certain features or optimizations being disabled. You can sometimes fix these issues by upgrading your graphics driver.
[19:53:54] [main/INFO]: Initializing MixinExtras via com.llamalad7.mixinextras.service.MixinExtrasServiceImpl(version=0.5.4).
[19:53:55] [Datafixer Bootstrap #0/INFO]: 295 Datafixer optimizations took 333 milliseconds
[19:53:59] [Render thread/INFO]: Environment: Environment[sessionHost=https://sessionserver.mojang.com, servicesHost=https://api.minecraftservices.com, profilesHost=https://api.mojang.com, name=PROD]
[19:53:59] [Render thread/INFO]: Setting user: Mouse3D
[19:53:59] [Render thread/INFO]: Cushion Backport initializing!
[19:53:59] [Render thread/INFO]: [Stop Unloading My Shaders]: Mod init started. Compiled for fabric
[19:53:59] [Render thread/INFO]: EmojiType initializing...
[19:53:59] [Render thread/INFO]: Loaded config with 3 enabled packs
[19:53:59] [Render thread/INFO]: Loaded pack: letters.yaml (Letter Emojis) [bundled]
[19:53:59] [Render thread/INFO]: Loaded pack: text_art_faces.yaml (Text Art Faces) [bundled]
[19:53:59] [Render thread/INFO]: Loaded pack: minecraft.yaml (Minecraft Emojis) [bundled]
[19:53:59] [Render thread/INFO]: Reloaded 204 active emojis
[19:53:59] [Render thread/INFO]: EmojiType initialized with 204 emojis from 3 packs
[19:53:59] [Render thread/INFO]: RemoveButtons mod initialized!
[19:53:59] [Render thread/INFO]: Deserializing Config from '/home/helminth/.local/share/PrismLauncher/instances/26.2/minecraft/config/stfu.json5'
[19:53:59] [Render thread/INFO]: [STDOUT]: Starting WI Zoom v1.7-MC26.2
[19:53:59] [Render thread/INFO]: Got request to register class com.sk89q.worldedit.fabric.internal.FabricPlatform with WorldEdit [com.sk89q.worldedit.extension.platform.PlatformManager@7a957891]
[19:54:00] [Render thread/INFO]: WorldEdit for Fabric (version 7.4.5+7590-b8dc4c1) is loaded
[19:54:00] [Render thread/INFO]: [BetterGrassify] [FANCY] Gamers can finally touch grass!?
[19:54:00] [Render thread/INFO]: Trying to read config file...
[19:54:00] [Render thread/INFO]: A config file was found, loading it..
[19:54:00] [Render thread/INFO]: Successfully loaded config file.
[19:54:00] [Render thread/INFO]: Reading...
[19:54:00] [Render thread/INFO]: Read config data from '/home/helminth/.local/share/PrismLauncher/instances/26.2/minecraft/config/chatpatches.json'!
[19:54:00] [Render thread/INFO]: [Config.deserialize] Took 0.011 seconds
[19:54:00] [Render thread/INFO]: Finished Chat Patches setup!
[19:54:00] [Render thread/INFO]: [Indigo] Different rendering plugin detected; not applying Indigo.
[19:54:00] [Render thread/INFO]: [FastQuit] Initialized
[19:54:00] [Render thread/ERROR]: Mod omnilook provides a broken implementation of ModMenuApi
java.lang.NoClassDefFoundError: io/github/prospector/modmenu/api/ModMenuApi
	at java.base/java.lang.ClassLoader.defineClass1(Native Method)
	at java.base/java.lang.ClassLoader.defineClass(ClassLoader.java:962)
	at java.base/java.security.SecureClassLoader.defineClass(SecureClassLoader.java:144)
	at net.fabricmc.loader.impl.launch.knot.KnotClassLoader.defineClassFwd(KnotClassLoader.java:165)
	at net.fabricmc.loader.impl.launch.knot.KnotClassDelegate.tryLoadClass(KnotClassDelegate.java:368)
	at net.fabricmc.loader.impl.launch.knot.KnotClassDelegate.loadClass(KnotClassDelegate.java:231)
	at net.fabricmc.loader.impl.launch.knot.KnotClassLoader.loadClass(KnotClassLoader.java:119)
	at java.base/java.lang.ClassLoader.loadClass(ClassLoader.java:490)
	at java.base/java.lang.Class.forName0(Native Method)
	at java.base/java.lang.Class.forName(Class.java:547)
	at net.fabricmc.loader.impl.util.DefaultLanguageAdapter.create(DefaultLanguageAdapter.java:53)
	at net.fabricmc.loader.impl.entrypoint.EntrypointStorage$NewEntry.getOrCreate(EntrypointStorage.java:124)
	at net.fabricmc.loader.impl.entrypoint.EntrypointContainerImpl.getEntrypoint(EntrypointContainerImpl.java:53)
	at knot//com.terraformersmc.modmenu.ModMenu.lambda$onInitializeClient$0(ModMenu.java:106)
	at java.base/java.util.ArrayList.forEach(ArrayList.java:1604)
	at knot//com.terraformersmc.modmenu.ModMenu.onInitializeClient(ModMenu.java:101)
	at net.fabricmc.loader.impl.FabricLoaderImpl.invokeEntrypoints(FabricLoaderImpl.java:409)
	at net.fabricmc.loader.impl.game.minecraft.Hooks.startClient(Hooks.java:53)
	at knot//fudge.notenoughcrashes.fabric.mixinhandlers.ModLoaders.fabricEntrypoints(ModLoaders.java:9)
	at knot//net.minecraft.client.Minecraft.redirect$cik000$notenoughcrashes$catchFabricInit(Minecraft.java:10148)
	at knot//net.minecraft.client.Minecraft.<init>(Minecraft.java:456)
	at knot//net.minecraft.client.main.Main.main(Main.java:278)
	at net.fabricmc.loader.impl.game.minecraft.MinecraftGameProvider.launch(MinecraftGameProvider.java:514)
	at net.fabricmc.loader.impl.launch.knot.Knot.launch(Knot.java:72)
	at net.fabricmc.loader.impl.launch.knot.KnotClient.main(KnotClient.java:23)
	at org.prismlauncher.launcher.impl.StandardLauncher.launch(StandardLauncher.java:115)
	at org.prismlauncher.EntryPoint.listen(EntryPoint.java:129)
	at org.prismlauncher.EntryPoint.main(EntryPoint.java:70)
Caused by: java.lang.ClassNotFoundException: io.github.prospector.modmenu.api.ModMenuApi
	at java.base/jdk.internal.loader.BuiltinClassLoader.loadClass(BuiltinClassLoader.java:580)
	at java.base/java.lang.ClassLoader.loadClass(ClassLoader.java:490)
	at net.fabricmc.loader.impl.launch.knot.KnotClassDelegate.loadClass(KnotClassDelegate.java:239)
	at net.fabricmc.loader.impl.launch.knot.KnotClassLoader.loadClass(KnotClassLoader.java:119)
	at java.base/java.lang.ClassLoader.loadClass(ClassLoader.java:490)
	... 28 more
[19:54:00] [Render thread/INFO]: Checking mod updates...
[19:54:00] [Render thread/INFO]: Omnilook initialized with dev.rdh.omnilook.Fabriclook
[19:54:00] [Render thread/INFO]: Simply No Shading is initialized.
[19:54:00] [Omnilook Config Watcher/INFO]: Config loaded: {toggleMode=true}
[19:54:00] [Render thread/INFO]: [STDOUT]: [TRender] Initializing Client...
[19:54:00] [Render thread/INFO]: Deserializing YACLConfig from '/home/helminth/.local/share/PrismLauncher/instances/26.2/minecraft/config/yacl.json5'
[19:54:00] [Render thread/INFO]: Backend library: LWJGL version 3.4.1-snapshot
[19:54:00] [Render thread/INFO]: BlazeSDL: Replacing GlBackend to SDLGlBackend!
[19:54:00] [Render thread/INFO]: BlazeSDL: Replacing VulkanBackend to SDLVulkanBackend!
[19:54:01] [Render thread/INFO]: All capabilities met
[19:54:01] [Render thread/WARN]: Linux currently uses fallback terrain buffer due to driver inconsistencies, expect increase vram usage
[19:54:01] [Render thread/INFO]: Enabling Nvidium
[19:54:01] [Render thread/INFO]: Initializing ImmediatelyFast 1.16.4+26.2 on NVIDIA GeForce RTX 3050 Ti Laptop GPU/PCIe/SSE2 (NVIDIA Corporation) with OpenGL 3.3.0 NVIDIA 610.57.04
[19:54:01] [Render thread/INFO]: Using graphics backend OpenGL, using drivers: 3.3.0 NVIDIA 610.57.04
[19:54:01] [Render thread/INFO]: Using graphics device: NVIDIA GeForce RTX 3050 Ti Laptop GPU/PCIe/SSE2 (NVIDIA Corporation)
[19:54:01] [Render thread/INFO]: Using graphics device extensions: GL_ARB_multi_draw_indirect, GL_ARB_buffer_storage, GL_ARB_shader_draw_parameters, GL_ARB_base_instance, GL_KHR_debug, GL_ARB_draw_indirect, GL_ARB_clip_control, GL_ARB_vertex_attrib_binding, GL_ARB_direct_state_access, GL_EXT_texture_filter_anisotropic
[19:54:01] [Render thread/WARN]: Error reading pack metadata, attempting fallback type
com.google.gson.JsonParseException: Pack declares support for version newer than 64, but is missing mandatory fields min_format and max_format
	at knot//com.mojang.serialization.DataResult$Error.getOrThrow(DataResult.java:287)
	at knot//net.minecraft.server.packs.resources.ResourceMetadata$2.getSection(ResourceMetadata.java:40)
	at knot//net.minecraft.server.packs.AbstractPackResources.getMetadataSection(AbstractPackResources.java:26)
	at knot//net.minecraft.server.packs.repository.Pack.readPackMetadata(Pack.java:56)
	at knot//net.minecraft.server.packs.repository.Pack.readMetaAndCreate(Pack.java:41)
	at knot//net.minecraft.server.packs.repository.FolderRepositorySource.lambda$loadPacks$0(FolderRepositorySource.java:63)
	at knot//net.minecraft.server.packs.repository.FolderRepositorySource.discoverPacks(FolderRepositorySource.java:94)
	at knot//net.minecraft.server.packs.repository.FolderRepositorySource.loadPacks(FolderRepositorySource.java:59)
	at knot//net.minecraft.server.packs.repository.PackRepository.discoverAvailable(PackRepository.java:43)
	at knot//net.minecraft.server.packs.repository.PackRepository.reload(PackRepository.java:36)
	at knot//net.minecraft.client.Minecraft.<init>(Minecraft.java:586)
	at knot//net.minecraft.client.main.Main.main(Main.java:278)
	at net.fabricmc.loader.impl.game.minecraft.MinecraftGameProvider.launch(MinecraftGameProvider.java:514)
	at net.fabricmc.loader.impl.launch.knot.Knot.launch(Knot.java:72)
	at net.fabricmc.loader.impl.launch.knot.KnotClient.main(KnotClient.java:23)
	at org.prismlauncher.launcher.impl.StandardLauncher.launch(StandardLauncher.java:115)
	at org.prismlauncher.EntryPoint.listen(EntryPoint.java:129)
	at org.prismlauncher.EntryPoint.main(EntryPoint.java:70)
[19:54:01] [Render thread/WARN]: Error reading pack metadata, attempting fallback type
com.google.gson.JsonParseException: Pack declares support for version newer than 64, but is missing mandatory fields min_format and max_format
	at knot//com.mojang.serialization.DataResult$Error.getOrThrow(DataResult.java:287)
	at knot//net.minecraft.server.packs.resources.ResourceMetadata$2.getSection(ResourceMetadata.java:40)
	at knot//net.minecraft.server.packs.AbstractPackResources.getMetadataSection(AbstractPackResources.java:26)
	at knot//net.minecraft.server.packs.repository.Pack.readPackMetadata(Pack.java:56)
	at knot//net.minecraft.server.packs.repository.Pack.readMetaAndCreate(Pack.java:41)
	at knot//net.minecraft.server.packs.repository.FolderRepositorySource.lambda$loadPacks$0(FolderRepositorySource.java:63)
	at knot//net.minecraft.server.packs.repository.FolderRepositorySource.discoverPacks(FolderRepositorySource.java:94)
	at knot//net.minecraft.server.packs.repository.FolderRepositorySource.loadPacks(FolderRepositorySource.java:59)
	at knot//net.minecraft.server.packs.repository.PackRepository.discoverAvailable(PackRepository.java:43)
	at knot//net.minecraft.server.packs.repository.PackRepository.reload(PackRepository.java:36)
	at knot//net.minecraft.client.Minecraft.<init>(Minecraft.java:586)
	at knot//net.minecraft.client.main.Main.main(Main.java:278)
	at net.fabricmc.loader.impl.game.minecraft.MinecraftGameProvider.launch(MinecraftGameProvider.java:514)
	at net.fabricmc.loader.impl.launch.knot.Knot.launch(Knot.java:72)
	at net.fabricmc.loader.impl.launch.knot.KnotClient.main(KnotClient.java:23)
	at org.prismlauncher.launcher.impl.StandardLauncher.launch(StandardLauncher.java:115)
	at org.prismlauncher.EntryPoint.listen(EntryPoint.java:129)
	at org.prismlauncher.EntryPoint.main(EntryPoint.java:70)
[19:54:01] [Render thread/INFO]: Reloading ResourceManager: vanilla, badoptimizations, bettergrass, blazesdl, capes, chatpatches, cloth-config, conditional-mixin, cushionbackport, dark-loading-screen, disable-lighting, dontjoinmylobby, eg_stop_unloading_my_shaders, emojitype, entityculling, fabric-api, fabric-api-base, fabric-api-lookup-api-v1, fabric-biome-api-v1, fabric-block-api-v1, fabric-block-getter-api-v2, fabric-command-api-v2, fabric-content-registries-v0, fabric-convention-tags-v2, fabric-crash-report-info-v1, fabric-creative-tab-api-v1, fabric-data-attachment-api-v1, fabric-data-generation-api-v1, fabric-debug-api-v1, fabric-dimensions-v1, fabric-entity-events-v1, fabric-events-interaction-v0, fabric-game-rule-api-v1, fabric-item-api-v1, fabric-key-mapping-api-v1, fabric-language-kotlin, fabric-lifecycle-events-v1, fabric-loot-api-v3, fabric-menu-api-v1, fabric-message-api-v1, fabric-model-loading-api-v1, fabric-networking-api-v1, fabric-object-builder-api-v1, fabric-particles-v1, fabric-permission-api-v1, fabric-recipe-api-v1, fabric-registry-sync-v0, fabric-renderer-api-v1, fabric-renderer-indigo, fabric-rendering-fluids-v1, fabric-rendering-v1, fabric-resource-conditions-api-v1, fabric-resource-loader-v0, fabric-resource-loader-v1, fabric-screen-api-v1, fabric-serialization-api-v1, fabric-sound-api-v1, fabric-tag-api-v1, fabric-transfer-api-v1, fabric-transitive-access-wideners-v1, fabricloader, fastquit, fpsdisplay, hudmanager, immediatelyfast, languagereload, lithium, modmenu, moreculling, notenoughcrashes, nvidium, omnilook, pingview, placeholder-api, quick-pack, removebuttons, simply-no-shading, sodium, stfu, thirdpersonnametags, too_many_entities, trender, visuality, wi_zoom, worldedit, worldeditcui, yet_another_config_lib_v3, file/Faithful 32x - 26.2.zip, file/§8gray §6lava §f§l[32x] §f- §e1.21+§0.zip, file/cubic-sun-moon-v1.8.5.zip, file/KonciPET UI 2.2.1.zip, file/1.18 Panorama.zip
[19:54:02] [Worker-Main-1/INFO]: Found unifont_all_no_pua-17.0.01.hex, loading
[19:54:02] [Render thread/INFO]: Cached all modded block culling states
[19:54:02] [Worker-Main-5/INFO]: Found unifont_pua-17.0.01.hex, loading
[19:54:02] [Worker-Main-1/INFO]: Found unifont_jp_patch-17.0.01.hex, loading
[19:54:04] [Render thread/INFO]: OpenAL initialized on device Ryzen HD Audio Controller Analog Stereo
[19:54:04] [Render thread/INFO]: Sound engine started
[19:54:04] [Render thread/INFO]: Created: 1024x512x0 minecraft:textures/atlas/particles.png-atlas
[19:54:04] [Render thread/INFO]: Created: 256x256x0 minecraft:textures/atlas/decorated_pot.png-atlas
[19:54:04] [Render thread/INFO]: Created: 4096x2048x0 minecraft:textures/atlas/armor_trims.png-atlas
[19:54:04] [Render thread/INFO]: Created: 1024x512x0 minecraft:textures/atlas/paintings.png-atlas
[19:54:04] [Render thread/INFO]: Created: 2048x1024x0 minecraft:textures/atlas/shield_patterns.png-atlas
[19:54:04] [Render thread/INFO]: Created: 4096x2048x4 minecraft:textures/atlas/blocks.png-atlas
[19:54:04] [Render thread/INFO]: Created: 1024x1024x0 minecraft:textures/atlas/chest.png-atlas
[19:54:04] [Render thread/INFO]: Created: 16384x8192x0 minecraft:textures/atlas/celestials.png-atlas
[19:54:04] [Render thread/INFO]: Created: 2048x1024x0 minecraft:textures/atlas/banner_patterns.png-atlas
[19:54:04] [Render thread/INFO]: Created: 2048x1024x0 minecraft:textures/atlas/items.png-atlas
[19:54:04] [Render thread/INFO]: Created: 1024x1024x0 minecraft:textures/atlas/gui.png-atlas
[19:54:04] [Render thread/INFO]: Created: 256x128x0 minecraft:textures/atlas/map_decorations.png-atlas
[19:54:04] [Render thread/INFO]: Created: 1024x1024x0 minecraft:textures/atlas/shulker_boxes.png-atlas
[19:54:04] [Render thread/INFO]: 32370 cache(s) were cleared!
[19:54:18] [Render thread/INFO]: Connecting to mc.hypixel.net, 25565
[19:54:20] [Render thread/INFO]: Started 10 worker threads
[19:54:21] [IO-Worker-1/INFO]: Reading...
[19:54:21] [IO-Worker-1/INFO]: Parsed 48 messages and 25 sent messages!
[19:54:21] [IO-Worker-1/INFO]: [ChatLog.deserialize] Took 0.005 seconds
[19:54:21] [Render thread/INFO]: Chat Heads not installed, disabling interoperability
[19:54:21] [Render thread/WARN]: `tryCondenseDupes(.)` called when `trimmedMessages` is empty
[19:54:21] [Render thread/INFO]: [CHAT]                          
[19:54:21] [Render thread/INFO]: [CHAT] §8[§rMinecraft Server§8]
[19:54:21] [Render thread/INFO]: Restored 51 messages and 25 history messages!
[19:54:21] [Render thread/INFO]: Stopping worker threads
[19:54:21] [Render thread/INFO]: Started 10 worker threads
[19:54:22] [Render thread/INFO]: Resizing Dynamic Transforms UBO, capacity limit of 2 reached during a single frame. New capacity will be 4.
[19:54:22] [Render thread/INFO]: Resizing Dynamic Transforms UBO, capacity limit of 4 reached during a single frame. New capacity will be 8.
[19:54:22] [Render thread/INFO]: Resizing Dynamic Transforms UBO, capacity limit of 8 reached during a single frame. New capacity will be 16.
[19:54:24] [Render thread/INFO]: [CHAT] -----------------------------------------------------\n                           §6Friends (Page 1 of 2) >>\n§6§lclaubunny §eis currently §5Busy\n§6§lCrywolfix §eis in Prototype - Ravengard Dungeon Trios\n§b§lMaggiAusDaKann §eis in SkyBlock - Garden\n§6§lTechnomancer55 §eis in a TNT Games Lobby\n§b§lAraRenn §cis currently offline\n§b§lcreeperbark §cis currently offline\n§b§lCuriousAtara §cis currently offline\n§b§lcato* §cis currently offline\n-----------------------------------------------------
[19:54:25] [Worker-Main-7/ERROR]: Failed to verify signature on property Property[name=textures, value=eyJ0ZXh0dXJlcyI6eyJTS0lOIjp7InVybCI6Imh0dHA6Ly90ZXh0dXJlcy5taW5lY3JhZnQubmV0L3RleHR1cmUvOTFjOWVmYWJkOTk4MzJlOTgzN2JlZWJmYjZjZDU1NTU4MDVmMDJmZTdlOThiNGQ4NjgwOTY0MTc3NzhiOGIwNCJ9fX0=, signature=]
java.security.SignatureException: Bad signature length: got 0 but was expecting 512
	at java.base/sun.security.rsa.RSASignature.engineVerify(RSASignature.java:212)
	at java.base/java.security.Signature$Delegate.engineVerify(Signature.java:1434)
	at java.base/java.security.Signature.verify(Signature.java:802)
	at knot//com.mojang.authlib.yggdrasil.YggdrasilServicesKeyInfo.validateProperty(YggdrasilServicesKeyInfo.java:165)
	at knot//com.mojang.authlib.yggdrasil.YggdrasilMinecraftSessionService.lambda$getPropertySignatureState$0(YggdrasilMinecraftSessionService.java:185)
	at java.base/java.util.stream.MatchOps$1MatchSink.accept(MatchOps.java:90)
	at java.base/java.util.AbstractList$RandomAccessSpliterator.tryAdvance(AbstractList.java:708)
	at java.base/java.util.stream.ReferencePipeline.forEachWithCancel(ReferencePipeline.java:147)
	at java.base/java.util.stream.AbstractPipeline.copyIntoWithCancel(AbstractPipeline.java:588)
	at java.base/java.util.stream.AbstractPipeline.copyInto(AbstractPipeline.java:574)
	at java.base/java.util.stream.AbstractPipeline.wrapAndCopyInto(AbstractPipeline.java:560)
	at java.base/java.util.stream.MatchOps$MatchOp.evaluateSequential(MatchOps.java:230)
	at java.base/java.util.stream.MatchOps$MatchOp.evaluateSequential(MatchOps.java:196)
	at java.base/java.util.stream.AbstractPipeline.evaluate(AbstractPipeline.java:265)
	at java.base/java.util.stream.ReferencePipeline.noneMatch(ReferencePipeline.java:678)
	at knot//com.mojang.authlib.yggdrasil.YggdrasilMinecraftSessionService.getPropertySignatureState(YggdrasilMinecraftSessionService.java:185)
	at knot//com.mojang.authlib.yggdrasil.YggdrasilMinecraftSessionService.unpackTextures(YggdrasilMinecraftSessionService.java:128)
	at knot//net.minecraft.client.resources.SkinManager$1.lambda$load$0(SkinManager.java:60)
	at java.base/java.util.concurrent.CompletableFuture$AsyncSupply.run(CompletableFuture.java:1789)
	at java.base/java.util.concurrent.CompletableFuture$AsyncSupply.exec(CompletableFuture.java:1781)
	at java.base/java.util.concurrent.ForkJoinTask.doExec(ForkJoinTask.java:511)
	at java.base/java.util.concurrent.ForkJoinPool$WorkQueue.topLevelExec(ForkJoinPool.java:1450)
	at java.base/java.util.concurrent.ForkJoinPool.runWorker(ForkJoinPool.java:2019)
	at java.base/java.util.concurrent.ForkJoinWorkerThread.run(ForkJoinWorkerThread.java:187)
[19:54:25] [Worker-Main-7/ERROR]: Failed to verify signature on property Property[name=textures, value=eyJ0ZXh0dXJlcyI6eyJTS0lOIjp7InVybCI6Imh0dHA6Ly90ZXh0dXJlcy5taW5lY3JhZnQubmV0L3RleHR1cmUvOTFjOWVmYWJkOTk4MzJlOTgzN2JlZWJmYjZjZDU1NTU4MDVmMDJmZTdlOThiNGQ4NjgwOTY0MTc3NzhiOGIwNCJ9fX0=, signature=]
java.security.SignatureException: Bad signature length: got 0 but was expecting 512
	at java.base/sun.security.rsa.RSASignature.engineVerify(RSASignature.java:212)
	at java.base/java.security.Signature$Delegate.engineVerify(Signature.java:1434)
	at java.base/java.security.Signature.verify(Signature.java:802)
	at knot//com.mojang.authlib.yggdrasil.YggdrasilServicesKeyInfo.validateProperty(YggdrasilServicesKeyInfo.java:165)
	at knot//com.mojang.authlib.yggdrasil.YggdrasilMinecraftSessionService.lambda$getPropertySignatureState$0(YggdrasilMinecraftSessionService.java:185)
	at java.base/java.util.stream.MatchOps$1MatchSink.accept(MatchOps.java:90)
	at java.base/java.util.AbstractList$RandomAccessSpliterator.tryAdvance(AbstractList.java:708)
	at java.base/java.util.stream.ReferencePipeline.forEachWithCancel(ReferencePipeline.java:147)
	at java.base/java.util.stream.AbstractPipeline.copyIntoWithCancel(AbstractPipeline.java:588)
	at java.base/java.util.stream.AbstractPipeline.copyInto(AbstractPipeline.java:574)
	at java.base/java.util.stream.AbstractPipeline.wrapAndCopyInto(AbstractPipeline.java:560)
	at java.base/java.util.stream.MatchOps$MatchOp.evaluateSequential(MatchOps.java:230)
	at java.base/java.util.stream.MatchOps$MatchOp.evaluateSequential(MatchOps.java:196)
	at java.base/java.util.stream.AbstractPipeline.evaluate(AbstractPipeline.java:265)
	at java.base/java.util.stream.ReferencePipeline.noneMatch(ReferencePipeline.java:678)
	at knot//com.mojang.authlib.yggdrasil.YggdrasilMinecraftSessionService.getPropertySignatureState(YggdrasilMinecraftSessionService.java:185)
	at knot//com.mojang.authlib.yggdrasil.YggdrasilMinecraftSessionService.unpackTextures(YggdrasilMinecraftSessionService.java:128)
	at knot//net.minecraft.client.resources.SkinManager$1.lambda$load$0(SkinManager.java:60)
	at java.base/java.util.concurrent.CompletableFuture$AsyncSupply.run(CompletableFuture.java:1789)
	at java.base/java.util.concurrent.CompletableFuture$AsyncSupply.exec(CompletableFuture.java:1781)
	at java.base/java.util.concurrent.ForkJoinTask.doExec(ForkJoinTask.java:511)
	at java.base/java.util.concurrent.ForkJoinPool$WorkQueue.topLevelExec(ForkJoinPool.java:1450)
	at java.base/java.util.concurrent.ForkJoinPool.runWorker(ForkJoinPool.java:2019)
	at java.base/java.util.concurrent.ForkJoinWorkerThread.run(ForkJoinWorkerThread.java:187)
[19:54:25] [Worker-Main-7/WARN]: Profile contained invalid signature for textures property (profile id: 04049c90-d3e9-4621-9caf-0000aaa46193)
[19:54:28] [Render thread/INFO]: [CHAT] From [MVP++] Technomancer55: mrrow
[19:54:28] [Render thread/INFO]: [CHAT] Sending you to dynamiclobby24B
[19:54:28] [Render thread/INFO]: Stopping worker threads
[19:54:28] [Render thread/INFO]: Started 10 worker threads
[19:54:29] [Render thread/INFO]: [CHAT] §8[§rMinecraft Server§8]
[19:54:29] [Render thread/INFO]: Stopping worker threads
[19:54:29] [Render thread/INFO]: Started 10 worker threads
[19:54:29] [Render thread/INFO]: Stopping worker threads
[19:54:29] [Render thread/INFO]: Started 10 worker threads
[19:54:29] [Render thread/INFO]: [CHAT]                          
[19:54:29] [Render thread/INFO]: Stopping worker threads
[19:54:29] [Render thread/INFO]: Started 10 worker threads
[19:54:31] [Render thread/INFO]: Resizing Dynamic Transforms UBO, capacity limit of 16 reached during a single frame. New capacity will be 32.
[19:54:34] [Render thread/INFO]: [CHAT] To [MVP++] Technomancer55: Boop!
[19:54:35] [Worker-Main-12/ERROR]: Failed to verify signature on property Property[name=textures, value=eyJ0ZXh0dXJlcyI6eyJTS0lOIjp7InVybCI6Imh0dHA6Ly90ZXh0dXJlcy5taW5lY3JhZnQubmV0L3RleHR1cmUvOTVmNmUzMzgzZDEyOGYxN2Q3M2NmMzlhZjdiNTc5ODg5Nzc5YzRlNWYzOGQyYzFlZjg1ZGJhMmY0NjJmNjg0MCJ9fX0=, signature=]
java.security.SignatureException: Bad signature length: got 0 but was expecting 512
	at java.base/sun.security.rsa.RSASignature.engineVerify(RSASignature.java:212)
	at java.base/java.security.Signature$Delegate.engineVerify(Signature.java:1434)
	at java.base/java.security.Signature.verify(Signature.java:802)
	at knot//com.mojang.authlib.yggdrasil.YggdrasilServicesKeyInfo.validateProperty(YggdrasilServicesKeyInfo.java:165)
	at knot//com.mojang.authlib.yggdrasil.YggdrasilMinecraftSessionService.lambda$getPropertySignatureState$0(YggdrasilMinecraftSessionService.java:185)
	at java.base/java.util.stream.MatchOps$1MatchSink.accept(MatchOps.java:90)
	at java.base/java.util.AbstractList$RandomAccessSpliterator.tryAdvance(AbstractList.java:708)
	at java.base/java.util.stream.ReferencePipeline.forEachWithCancel(ReferencePipeline.java:147)
	at java.base/java.util.stream.AbstractPipeline.copyIntoWithCancel(AbstractPipeline.java:588)
	at java.base/java.util.stream.AbstractPipeline.copyInto(AbstractPipeline.java:574)
	at java.base/java.util.stream.AbstractPipeline.wrapAndCopyInto(AbstractPipeline.java:560)
	at java.base/java.util.stream.MatchOps$MatchOp.evaluateSequential(MatchOps.java:230)
	at java.base/java.util.stream.MatchOps$MatchOp.evaluateSequential(MatchOps.java:196)
	at java.base/java.util.stream.AbstractPipeline.evaluate(AbstractPipeline.java:265)
	at java.base/java.util.stream.ReferencePipeline.noneMatch(ReferencePipeline.java:678)
	at knot//com.mojang.authlib.yggdrasil.YggdrasilMinecraftSessionService.getPropertySignatureState(YggdrasilMinecraftSessionService.java:185)
	at knot//com.mojang.authlib.yggdrasil.YggdrasilMinecraftSessionService.unpackTextures(YggdrasilMinecraftSessionService.java:128)
	at knot//net.minecraft.client.resources.SkinManager$1.lambda$load$0(SkinManager.java:60)
	at java.base/java.util.concurrent.CompletableFuture$AsyncSupply.run(CompletableFuture.java:1789)
	at java.base/java.util.concurrent.CompletableFuture$AsyncSupply.exec(CompletableFuture.java:1781)
	at java.base/java.util.concurrent.ForkJoinTask.doExec(ForkJoinTask.java:511)
	at java.base/java.util.concurrent.ForkJoinPool$WorkQueue.topLevelExec(ForkJoinPool.java:1450)
	at java.base/java.util.concurrent.ForkJoinPool.runWorker(ForkJoinPool.java:2019)
	at java.base/java.util.concurrent.ForkJoinWorkerThread.run(ForkJoinWorkerThread.java:187)
[19:54:35] [Worker-Main-8/ERROR]: Failed to verify signature on property Property[name=textures, value=eyJ0ZXh0dXJlcyI6eyJTS0lOIjp7InVybCI6Imh0dHA6Ly90ZXh0dXJlcy5taW5lY3JhZnQubmV0L3RleHR1cmUvZDY5OTBhNDE5NmZiZmNlNjZlZGYzOWVhNGVmMWU2MzVmZGJlMWViMGY0Y2JlZGY3N2EzZjkwM2QxMTIyMWU0MiJ9fX0=, signature=]
java.security.SignatureException: Bad signature length: got 0 but was expecting 512
	at java.base/sun.security.rsa.RSASignature.engineVerify(RSASignature.java:212)
	at java.base/java.security.Signature$Delegate.engineVerify(Signature.java:1434)
	at java.base/java.security.Signature.verify(Signature.java:802)
	at knot//com.mojang.authlib.yggdrasil.YggdrasilServicesKeyInfo.validateProperty(YggdrasilServicesKeyInfo.java:165)
	at knot//com.mojang.authlib.yggdrasil.YggdrasilMinecraftSessionService.lambda$getPropertySignatureState$0(YggdrasilMinecraftSessionService.java:185)
	at java.base/java.util.stream.MatchOps$1MatchSink.accept(MatchOps.java:90)
	at java.base/java.util.AbstractList$RandomAccessSpliterator.tryAdvance(AbstractList.java:708)
	at java.base/java.util.stream.ReferencePipeline.forEachWithCancel(ReferencePipeline.java:147)
	at java.base/java.util.stream.AbstractPipeline.copyIntoWithCancel(AbstractPipeline.java:588)
	at java.base/java.util.stream.AbstractPipeline.copyInto(AbstractPipeline.java:574)
	at java.base/java.util.stream.AbstractPipeline.wrapAndCopyInto(AbstractPipeline.java:560)
	at java.base/java.util.stream.MatchOps$MatchOp.evaluateSequential(MatchOps.java:230)
	at java.base/java.util.stream.MatchOps$MatchOp.evaluateSequential(MatchOps.java:196)
	at java.base/java.util.stream.AbstractPipeline.evaluate(AbstractPipeline.java:265)
	at java.base/java.util.stream.ReferencePipeline.noneMatch(ReferencePipeline.java:678)
	at knot//com.mojang.authlib.yggdrasil.YggdrasilMinecraftSessionService.getPropertySignatureState(YggdrasilMinecraftSessionService.java:185)
	at knot//com.mojang.authlib.yggdrasil.YggdrasilMinecraftSessionService.unpackTextures(YggdrasilMinecraftSessionService.java:128)
	at knot//net.minecraft.client.resources.SkinManager$1.lambda$load$0(SkinManager.java:60)
	at java.base/java.util.concurrent.CompletableFuture$AsyncSupply.run(CompletableFuture.java:1789)
	at java.base/java.util.concurrent.CompletableFuture$AsyncSupply.exec(CompletableFuture.java:1781)
	at java.base/java.util.concurrent.ForkJoinTask.doExec(ForkJoinTask.java:511)
	at java.base/java.util.concurrent.ForkJoinPool$WorkQueue.topLevelExec(ForkJoinPool.java:1450)
	at java.base/java.util.concurrent.ForkJoinPool.runWorker(ForkJoinPool.java:2019)
	at java.base/java.util.concurrent.ForkJoinWorkerThread.run(ForkJoinWorkerThread.java:187)
[19:54:35] [Worker-Main-12/ERROR]: Failed to verify signature on property Property[name=textures, value=eyJ0ZXh0dXJlcyI6eyJTS0lOIjp7InVybCI6Imh0dHA6Ly90ZXh0dXJlcy5taW5lY3JhZnQubmV0L3RleHR1cmUvOTVmNmUzMzgzZDEyOGYxN2Q3M2NmMzlhZjdiNTc5ODg5Nzc5YzRlNWYzOGQyYzFlZjg1ZGJhMmY0NjJmNjg0MCJ9fX0=, signature=]
java.security.SignatureException: Bad signature length: got 0 but was expecting 512
	at java.base/sun.security.rsa.RSASignature.engineVerify(RSASignature.java:212)
	at java.base/java.security.Signature$Delegate.engineVerify(Signature.java:1434)
	at java.base/java.security.Signature.verify(Signature.java:802)
	at knot//com.mojang.authlib.yggdrasil.YggdrasilServicesKeyInfo.validateProperty(YggdrasilServicesKeyInfo.java:165)
	at knot//com.mojang.authlib.yggdrasil.YggdrasilMinecraftSessionService.lambda$getPropertySignatureState$0(YggdrasilMinecraftSessionService.java:185)
	at java.base/java.util.stream.MatchOps$1MatchSink.accept(MatchOps.java:90)
	at java.base/java.util.AbstractList$RandomAccessSpliterator.tryAdvance(AbstractList.java:708)
	at java.base/java.util.stream.ReferencePipeline.forEachWithCancel(ReferencePipeline.java:147)
	at java.base/java.util.stream.AbstractPipeline.copyIntoWithCancel(AbstractPipeline.java:588)
	at java.base/java.util.stream.AbstractPipeline.copyInto(AbstractPipeline.java:574)
	at java.base/java.util.stream.AbstractPipeline.wrapAndCopyInto(AbstractPipeline.java:560)
	at java.base/java.util.stream.MatchOps$MatchOp.evaluateSequential(MatchOps.java:230)
	at java.base/java.util.stream.MatchOps$MatchOp.evaluateSequential(MatchOps.java:196)
	at java.base/java.util.stream.AbstractPipeline.evaluate(AbstractPipeline.java:265)
	at java.base/java.util.stream.ReferencePipeline.noneMatch(ReferencePipeline.java:678)
	at knot//com.mojang.authlib.yggdrasil.YggdrasilMinecraftSessionService.getPropertySignatureState(YggdrasilMinecraftSessionService.java:185)
	at knot//com.mojang.authlib.yggdrasil.YggdrasilMinecraftSessionService.unpackTextures(YggdrasilMinecraftSessionService.java:128)
	at knot//net.minecraft.client.resources.SkinManager$1.lambda$load$0(SkinManager.java:60)
	at java.base/java.util.concurrent.CompletableFuture$AsyncSupply.run(CompletableFuture.java:1789)
	at java.base/java.util.concurrent.CompletableFuture$AsyncSupply.exec(CompletableFuture.java:1781)
	at java.base/java.util.concurrent.ForkJoinTask.doExec(ForkJoinTask.java:511)
	at java.base/java.util.concurrent.ForkJoinPool$WorkQueue.topLevelExec(ForkJoinPool.java:1450)
	at java.base/java.util.concurrent.ForkJoinPool.runWorker(ForkJoinPool.java:2019)
	at java.base/java.util.concurrent.ForkJoinWorkerThread.run(ForkJoinWorkerThread.java:187)
[19:54:35] [Worker-Main-8/ERROR]: Failed to verify signature on property Property[name=textures, value=eyJ0ZXh0dXJlcyI6eyJTS0lOIjp7InVybCI6Imh0dHA6Ly90ZXh0dXJlcy5taW5lY3JhZnQubmV0L3RleHR1cmUvZDY5OTBhNDE5NmZiZmNlNjZlZGYzOWVhNGVmMWU2MzVmZGJlMWViMGY0Y2JlZGY3N2EzZjkwM2QxMTIyMWU0MiJ9fX0=, signature=]
java.security.SignatureException: Bad signature length: got 0 but was expecting 512
	at java.base/sun.security.rsa.RSASignature.engineVerify(RSASignature.java:212)
	at java.base/java.security.Signature$Delegate.engineVerify(Signature.java:1434)
	at java.base/java.security.Signature.verify(Signature.java:802)
	at knot//com.mojang.authlib.yggdrasil.YggdrasilServicesKeyInfo.validateProperty(YggdrasilServicesKeyInfo.java:165)
	at knot//com.mojang.authlib.yggdrasil.YggdrasilMinecraftSessionService.lambda$getPropertySignatureState$0(YggdrasilMinecraftSessionService.java:185)
	at java.base/java.util.stream.MatchOps$1MatchSink.accept(MatchOps.java:90)
	at java.base/java.util.AbstractList$RandomAccessSpliterator.tryAdvance(AbstractList.java:708)
	at java.base/java.util.stream.ReferencePipeline.forEachWithCancel(ReferencePipeline.java:147)
	at java.base/java.util.stream.AbstractPipeline.copyIntoWithCancel(AbstractPipeline.java:588)
	at java.base/java.util.stream.AbstractPipeline.copyInto(AbstractPipeline.java:574)
	at java.base/java.util.stream.AbstractPipeline.wrapAndCopyInto(AbstractPipeline.java:560)
	at java.base/java.util.stream.MatchOps$MatchOp.evaluateSequential(MatchOps.java:230)
	at java.base/java.util.stream.MatchOps$MatchOp.evaluateSequential(MatchOps.java:196)
	at java.base/java.util.stream.AbstractPipeline.evaluate(AbstractPipeline.java:265)
	at java.base/java.util.stream.ReferencePipeline.noneMatch(ReferencePipeline.java:678)
	at knot//com.mojang.authlib.yggdrasil.YggdrasilMinecraftSessionService.getPropertySignatureState(YggdrasilMinecraftSessionService.java:185)
	at knot//com.mojang.authlib.yggdrasil.YggdrasilMinecraftSessionService.unpackTextures(YggdrasilMinecraftSessionService.java:128)
	at knot//net.minecraft.client.resources.SkinManager$1.lambda$load$0(SkinManager.java:60)
	at java.base/java.util.concurrent.CompletableFuture$AsyncSupply.run(CompletableFuture.java:1789)
	at java.base/java.util.concurrent.CompletableFuture$AsyncSupply.exec(CompletableFuture.java:1781)
	at java.base/java.util.concurrent.ForkJoinTask.doExec(ForkJoinTask.java:511)
	at java.base/java.util.concurrent.ForkJoinPool$WorkQueue.topLevelExec(ForkJoinPool.java:1450)
	at java.base/java.util.concurrent.ForkJoinPool.runWorker(ForkJoinPool.java:2019)
	at java.base/java.util.concurrent.ForkJoinWorkerThread.run(ForkJoinWorkerThread.java:187)
[19:54:35] [Worker-Main-8/WARN]: Profile contained invalid signature for textures property (profile id: 04049c90-d3e9-4621-9caf-0000aaa18852)
[19:54:35] [Worker-Main-12/WARN]: Profile contained invalid signature for textures property (profile id: 04049c90-d3e9-4621-9caf-00000aaa8773)
[19:54:35] [Worker-Main-8/ERROR]: Failed to verify signature on property Property[name=textures, value=eyJ0ZXh0dXJlcyI6eyJTS0lOIjp7InVybCI6Imh0dHA6Ly90ZXh0dXJlcy5taW5lY3JhZnQubmV0L3RleHR1cmUvYzU3YjhhY2QxNDViZDNkZmIxZGI5NGJkYmVkNDU4ZmUxODQ2YTljODg0ODIyY2EzY2U4MWE0Y2Y4MCJ9fX0=, signature=]
java.security.SignatureException: Bad signature length: got 0 but was expecting 512
	at java.base/sun.security.rsa.RSASignature.engineVerify(RSASignature.java:212)
	at java.base/java.security.Signature$Delegate.engineVerify(Signature.java:1434)
	at java.base/java.security.Signature.verify(Signature.java:802)
	at knot//com.mojang.authlib.yggdrasil.YggdrasilServicesKeyInfo.validateProperty(YggdrasilServicesKeyInfo.java:165)
	at knot//com.mojang.authlib.yggdrasil.YggdrasilMinecraftSessionService.lambda$getPropertySignatureState$0(YggdrasilMinecraftSessionService.java:185)
	at java.base/java.util.stream.MatchOps$1MatchSink.accept(MatchOps.java:90)
	at java.base/java.util.AbstractList$RandomAccessSpliterator.tryAdvance(AbstractList.java:708)
	at java.base/java.util.stream.ReferencePipeline.forEachWithCancel(ReferencePipeline.java:147)
	at java.base/java.util.stream.AbstractPipeline.copyIntoWithCancel(AbstractPipeline.java:588)
	at java.base/java.util.stream.AbstractPipeline.copyInto(AbstractPipeline.java:574)
	at java.base/java.util.stream.AbstractPipeline.wrapAndCopyInto(AbstractPipeline.java:560)
	at java.base/java.util.stream.MatchOps$MatchOp.evaluateSequential(MatchOps.java:230)
	at java.base/java.util.stream.MatchOps$MatchOp.evaluateSequential(MatchOps.java:196)
	at java.base/java.util.stream.AbstractPipeline.evaluate(AbstractPipeline.java:265)
	at java.base/java.util.stream.ReferencePipeline.noneMatch(ReferencePipeline.java:678)
	at knot//com.mojang.authlib.yggdrasil.YggdrasilMinecraftSessionService.getPropertySignatureState(YggdrasilMinecraftSessionService.java:185)
	at knot//com.mojang.authlib.yggdrasil.YggdrasilMinecraftSessionService.unpackTextures(YggdrasilMinecraftSessionService.java:128)
	at knot//net.minecraft.client.resources.SkinManager$1.lambda$load$0(SkinManager.java:60)
	at java.base/java.util.concurrent.CompletableFuture$AsyncSupply.run(CompletableFuture.java:1789)
	at java.base/java.util.concurrent.CompletableFuture$AsyncSupply.exec(CompletableFuture.java:1781)
	at java.base/java.util.concurrent.ForkJoinTask.doExec(ForkJoinTask.java:511)
	at java.base/java.util.concurrent.ForkJoinPool$WorkQueue.topLevelExec(ForkJoinPool.java:1450)
	at java.base/java.util.concurrent.ForkJoinPool.runWorker(ForkJoinPool.java:2019)
	at java.base/java.util.concurrent.ForkJoinWorkerThread.run(ForkJoinWorkerThread.java:187)
[19:54:35] [Worker-Main-8/ERROR]: Failed to verify signature on property Property[name=textures, value=eyJ0ZXh0dXJlcyI6eyJTS0lOIjp7InVybCI6Imh0dHA6Ly90ZXh0dXJlcy5taW5lY3JhZnQubmV0L3RleHR1cmUvYzU3YjhhY2QxNDViZDNkZmIxZGI5NGJkYmVkNDU4ZmUxODQ2YTljODg0ODIyY2EzY2U4MWE0Y2Y4MCJ9fX0=, signature=]
java.security.SignatureException: Bad signature length: got 0 but was expecting 512
	at java.base/sun.security.rsa.RSASignature.engineVerify(RSASignature.java:212)
	at java.base/java.security.Signature$Delegate.engineVerify(Signature.java:1434)
	at java.base/java.security.Signature.verify(Signature.java:802)
	at knot//com.mojang.authlib.yggdrasil.YggdrasilServicesKeyInfo.validateProperty(YggdrasilServicesKeyInfo.java:165)
	at knot//com.mojang.authlib.yggdrasil.YggdrasilMinecraftSessionService.lambda$getPropertySignatureState$0(YggdrasilMinecraftSessionService.java:185)
	at java.base/java.util.stream.MatchOps$1MatchSink.accept(MatchOps.java:90)
	at java.base/java.util.AbstractList$RandomAccessSpliterator.tryAdvance(AbstractList.java:708)
	at java.base/java.util.stream.ReferencePipeline.forEachWithCancel(ReferencePipeline.java:147)
	at java.base/java.util.stream.AbstractPipeline.copyIntoWithCancel(AbstractPipeline.java:588)
	at java.base/java.util.stream.AbstractPipeline.copyInto(AbstractPipeline.java:574)
	at java.base/java.util.stream.AbstractPipeline.wrapAndCopyInto(AbstractPipeline.java:560)
	at java.base/java.util.stream.MatchOps$MatchOp.evaluateSequential(MatchOps.java:230)
	at java.base/java.util.stream.MatchOps$MatchOp.evaluateSequential(MatchOps.java:196)
	at java.base/java.util.stream.AbstractPipeline.evaluate(AbstractPipeline.java:265)
	at java.base/java.util.stream.ReferencePipeline.noneMatch(ReferencePipeline.java:678)
	at knot//com.mojang.authlib.yggdrasil.YggdrasilMinecraftSessionService.getPropertySignatureState(YggdrasilMinecraftSessionService.java:185)
	at knot//com.mojang.authlib.yggdrasil.YggdrasilMinecraftSessionService.unpackTextures(YggdrasilMinecraftSessionService.java:128)
	at knot//net.minecraft.client.resources.SkinManager$1.lambda$load$0(SkinManager.java:60)
	at java.base/java.util.concurrent.CompletableFuture$AsyncSupply.run(CompletableFuture.java:1789)
	at java.base/java.util.concurrent.CompletableFuture$AsyncSupply.exec(CompletableFuture.java:1781)
	at java.base/java.util.concurrent.ForkJoinTask.doExec(ForkJoinTask.java:511)
	at java.base/java.util.concurrent.ForkJoinPool$WorkQueue.topLevelExec(ForkJoinPool.java:1450)
	at java.base/java.util.concurrent.ForkJoinPool.runWorker(ForkJoinPool.java:2019)
	at java.base/java.util.concurrent.ForkJoinWorkerThread.run(ForkJoinWorkerThread.java:187)
[19:54:35] [Worker-Main-8/WARN]: Profile contained invalid signature for textures property (profile id: 04049c90-d3e9-4621-9caf-00000aaa6386)
[19:54:35] [Worker-Main-8/ERROR]: Failed to verify signature on property Property[name=textures, value=eyJ0ZXh0dXJlcyI6eyJTS0lOIjp7InVybCI6Imh0dHA6Ly90ZXh0dXJlcy5taW5lY3JhZnQubmV0L3RleHR1cmUvYTRiOTNmNDE1MzJmYzI3ZWY3ZGY5MzNjMTgxYWMzMTY2ZDU2MDM3ZDVjNWZmNzVkMmU4NWFmZTM3Y2EyNTdkMyJ9fX0=, signature=]
java.security.SignatureException: Bad signature length: got 0 but was expecting 512
	at java.base/sun.security.rsa.RSASignature.engineVerify(RSASignature.java:212)
	at java.base/java.security.Signature$Delegate.engineVerify(Signature.java:1434)
	at java.base/java.security.Signature.verify(Signature.java:802)
	at knot//com.mojang.authlib.yggdrasil.YggdrasilServicesKeyInfo.validateProperty(YggdrasilServicesKeyInfo.java:165)
	at knot//com.mojang.authlib.yggdrasil.YggdrasilMinecraftSessionService.lambda$getPropertySignatureState$0(YggdrasilMinecraftSessionService.java:185)
	at java.base/java.util.stream.MatchOps$1MatchSink.accept(MatchOps.java:90)
	at java.base/java.util.AbstractList$RandomAccessSpliterator.tryAdvance(AbstractList.java:708)
	at java.base/java.util.stream.ReferencePipeline.forEachWithCancel(ReferencePipeline.java:147)
	at java.base/java.util.stream.AbstractPipeline.copyIntoWithCancel(AbstractPipeline.java:588)
	at java.base/java.util.stream.AbstractPipeline.copyInto(AbstractPipeline.java:574)
	at java.base/java.util.stream.AbstractPipeline.wrapAndCopyInto(AbstractPipeline.java:560)
	at java.base/java.util.stream.MatchOps$MatchOp.evaluateSequential(MatchOps.java:230)
	at java.base/java.util.stream.MatchOps$MatchOp.evaluateSequential(MatchOps.java:196)
	at java.base/java.util.stream.AbstractPipeline.evaluate(AbstractPipeline.java:265)
	at java.base/java.util.stream.ReferencePipeline.noneMatch(ReferencePipeline.java:678)
	at knot//com.mojang.authlib.yggdrasil.YggdrasilMinecraftSessionService.getPropertySignatureState(YggdrasilMinecraftSessionService.java:185)
	at knot//com.mojang.authlib.yggdrasil.YggdrasilMinecraftSessionService.unpackTextures(YggdrasilMinecraftSessionService.java:128)
	at knot//net.minecraft.client.resources.SkinManager$1.lambda$load$0(SkinManager.java:60)
	at java.base/java.util.concurrent.CompletableFuture$AsyncSupply.run(CompletableFuture.java:1789)
	at java.base/java.util.concurrent.CompletableFuture$AsyncSupply.exec(CompletableFuture.java:1781)
	at java.base/java.util.concurrent.ForkJoinTask.doExec(ForkJoinTask.java:511)
	at java.base/java.util.concurrent.ForkJoinPool$WorkQueue.topLevelExec(ForkJoinPool.java:1450)
	at java.base/java.util.concurrent.ForkJoinPool.runWorker(ForkJoinPool.java:2019)
	at java.base/java.util.concurrent.ForkJoinWorkerThread.run(ForkJoinWorkerThread.java:187)
[19:54:35] [Worker-Main-8/ERROR]: Failed to verify signature on property Property[name=textures, value=eyJ0ZXh0dXJlcyI6eyJTS0lOIjp7InVybCI6Imh0dHA6Ly90ZXh0dXJlcy5taW5lY3JhZnQubmV0L3RleHR1cmUvYTRiOTNmNDE1MzJmYzI3ZWY3ZGY5MzNjMTgxYWMzMTY2ZDU2MDM3ZDVjNWZmNzVkMmU4NWFmZTM3Y2EyNTdkMyJ9fX0=, signature=]
java.security.SignatureException: Bad signature length: got 0 but was expecting 512
	at java.base/sun.security.rsa.RSASignature.engineVerify(RSASignature.java:212)
	at java.base/java.security.Signature$Delegate.engineVerify(Signature.java:1434)
	at java.base/java.security.Signature.verify(Signature.java:802)
	at knot//com.mojang.authlib.yggdrasil.YggdrasilServicesKeyInfo.validateProperty(YggdrasilServicesKeyInfo.java:165)
	at knot//com.mojang.authlib.yggdrasil.YggdrasilMinecraftSessionService.lambda$getPropertySignatureState$0(YggdrasilMinecraftSessionService.java:185)
	at java.base/java.util.stream.MatchOps$1MatchSink.accept(MatchOps.java:90)
	at java.base/java.util.AbstractList$RandomAccessSpliterator.tryAdvance(AbstractList.java:708)
	at java.base/java.util.stream.ReferencePipeline.forEachWithCancel(ReferencePipeline.java:147)
	at java.base/java.util.stream.AbstractPipeline.copyIntoWithCancel(AbstractPipeline.java:588)
	at java.base/java.util.stream.AbstractPipeline.copyInto(AbstractPipeline.java:574)
	at java.base/java.util.stream.AbstractPipeline.wrapAndCopyInto(AbstractPipeline.java:560)
	at java.base/java.util.stream.MatchOps$MatchOp.evaluateSequential(MatchOps.java:230)
	at java.base/java.util.stream.MatchOps$MatchOp.evaluateSequential(MatchOps.java:196)
	at java.base/java.util.stream.AbstractPipeline.evaluate(AbstractPipeline.java:265)
	at java.base/java.util.stream.ReferencePipeline.noneMatch(ReferencePipeline.java:678)
	at knot//com.mojang.authlib.yggdrasil.YggdrasilMinecraftSessionService.getPropertySignatureState(YggdrasilMinecraftSessionService.java:185)
	at knot//com.mojang.authlib.yggdrasil.YggdrasilMinecraftSessionService.unpackTextures(YggdrasilMinecraftSessionService.java:128)
	at knot//net.minecraft.client.resources.SkinManager$1.lambda$load$0(SkinManager.java:60)
	at java.base/java.util.concurrent.CompletableFuture$AsyncSupply.run(CompletableFuture.java:1789)
	at java.base/java.util.concurrent.CompletableFuture$AsyncSupply.exec(CompletableFuture.java:1781)
	at java.base/java.util.concurrent.ForkJoinTask.doExec(ForkJoinTask.java:511)
	at java.base/java.util.concurrent.ForkJoinPool$WorkQueue.topLevelExec(ForkJoinPool.java:1450)
	at java.base/java.util.concurrent.ForkJoinPool.runWorker(ForkJoinPool.java:2019)
	at java.base/java.util.concurrent.ForkJoinWorkerThread.run(ForkJoinWorkerThread.java:187)
[19:54:35] [Worker-Main-8/WARN]: Profile contained invalid signature for textures property (profile id: 04049c90-d3e9-4621-9caf-0000aaa42325)
[19:54:36] [Worker-Main-10/ERROR]: Failed to verify signature on property Property[name=textures, value=eyJ0ZXh0dXJlcyI6eyJTS0lOIjp7InVybCI6Imh0dHA6Ly90ZXh0dXJlcy5taW5lY3JhZnQubmV0L3RleHR1cmUvNWQ3MzFlMGU4YmYwNjI5NjVlODkwNGU5ZWZjMWZkZTMxM2NmODRkNTMxNDg3YzI2Njg2NDk5MGJkY2NkN2I1NCJ9fX0=, signature=]
java.security.SignatureException: Bad signature length: got 0 but was expecting 512
	at java.base/sun.security.rsa.RSASignature.engineVerify(RSASignature.java:212)
	at java.base/java.security.Signature$Delegate.engineVerify(Signature.java:1434)
	at java.base/java.security.Signature.verify(Signature.java:802)
	at knot//com.mojang.authlib.yggdrasil.YggdrasilServicesKeyInfo.validateProperty(YggdrasilServicesKeyInfo.java:165)
	at knot//com.mojang.authlib.yggdrasil.YggdrasilMinecraftSessionService.lambda$getPropertySignatureState$0(YggdrasilMinecraftSessionService.java:185)
	at java.base/java.util.stream.MatchOps$1MatchSink.accept(MatchOps.java:90)
	at java.base/java.util.AbstractList$RandomAccessSpliterator.tryAdvance(AbstractList.java:708)
	at java.base/java.util.stream.ReferencePipeline.forEachWithCancel(ReferencePipeline.java:147)
	at java.base/java.util.stream.AbstractPipeline.copyIntoWithCancel(AbstractPipeline.java:588)
	at java.base/java.util.stream.AbstractPipeline.copyInto(AbstractPipeline.java:574)
	at java.base/java.util.stream.AbstractPipeline.wrapAndCopyInto(AbstractPipeline.java:560)
	at java.base/java.util.stream.MatchOps$MatchOp.evaluateSequential(MatchOps.java:230)
	at java.base/java.util.stream.MatchOps$MatchOp.evaluateSequential(MatchOps.java:196)
	at java.base/java.util.stream.AbstractPipeline.evaluate(AbstractPipeline.java:265)
	at java.base/java.util.stream.ReferencePipeline.noneMatch(ReferencePipeline.java:678)
	at knot//com.mojang.authlib.yggdrasil.YggdrasilMinecraftSessionService.getPropertySignatureState(YggdrasilMinecraftSessionService.java:185)
	at knot//com.mojang.authlib.yggdrasil.YggdrasilMinecraftSessionService.unpackTextures(YggdrasilMinecraftSessionService.java:128)
	at knot//net.minecraft.client.resources.SkinManager$1.lambda$load$0(SkinManager.java:60)
	at java.base/java.util.concurrent.CompletableFuture$AsyncSupply.run(CompletableFuture.java:1789)
	at java.base/java.util.concurrent.CompletableFuture$AsyncSupply.exec(CompletableFuture.java:1781)
	at java.base/java.util.concurrent.ForkJoinTask.doExec(ForkJoinTask.java:511)
	at java.base/java.util.concurrent.ForkJoinPool$WorkQueue.topLevelExec(ForkJoinPool.java:1450)
	at java.base/java.util.concurrent.ForkJoinPool.runWorker(ForkJoinPool.java:2019)
	at java.base/java.util.concurrent.ForkJoinWorkerThread.run(ForkJoinWorkerThread.java:187)
[19:54:36] [Worker-Main-10/ERROR]: Failed to verify signature on property Property[name=textures, value=eyJ0ZXh0dXJlcyI6eyJTS0lOIjp7InVybCI6Imh0dHA6Ly90ZXh0dXJlcy5taW5lY3JhZnQubmV0L3RleHR1cmUvNWQ3MzFlMGU4YmYwNjI5NjVlODkwNGU5ZWZjMWZkZTMxM2NmODRkNTMxNDg3YzI2Njg2NDk5MGJkY2NkN2I1NCJ9fX0=, signature=]
java.security.SignatureException: Bad signature length: got 0 but was expecting 512
	at java.base/sun.security.rsa.RSASignature.engineVerify(RSASignature.java:212)
	at java.base/java.security.Signature$Delegate.engineVerify(Signature.java:1434)
	at java.base/java.security.Signature.verify(Signature.java:802)
	at knot//com.mojang.authlib.yggdrasil.YggdrasilServicesKeyInfo.validateProperty(YggdrasilServicesKeyInfo.java:165)
	at knot//com.mojang.authlib.yggdrasil.YggdrasilMinecraftSessionService.lambda$getPropertySignatureState$0(YggdrasilMinecraftSessionService.java:185)
	at java.base/java.util.stream.MatchOps$1MatchSink.accept(MatchOps.java:90)
	at java.base/java.util.AbstractList$RandomAccessSpliterator.tryAdvance(AbstractList.java:708)
	at java.base/java.util.stream.ReferencePipeline.forEachWithCancel(ReferencePipeline.java:147)
	at java.base/java.util.stream.AbstractPipeline.copyIntoWithCancel(AbstractPipeline.java:588)
	at java.base/java.util.stream.AbstractPipeline.copyInto(AbstractPipeline.java:574)
	at java.base/java.util.stream.AbstractPipeline.wrapAndCopyInto(AbstractPipeline.java:560)
	at java.base/java.util.stream.MatchOps$MatchOp.evaluateSequential(MatchOps.java:230)
	at java.base/java.util.stream.MatchOps$MatchOp.evaluateSequential(MatchOps.java:196)
	at java.base/java.util.stream.AbstractPipeline.evaluate(AbstractPipeline.java:265)
	at java.base/java.util.stream.ReferencePipeline.noneMatch(ReferencePipeline.java:678)
	at knot//com.mojang.authlib.yggdrasil.YggdrasilMinecraftSessionService.getPropertySignatureState(YggdrasilMinecraftSessionService.java:185)
	at knot//com.mojang.authlib.yggdrasil.YggdrasilMinecraftSessionService.unpackTextures(YggdrasilMinecraftSessionService.java:128)
	at knot//net.minecraft.client.resources.SkinManager$1.lambda$load$0(SkinManager.java:60)
	at java.base/java.util.concurrent.CompletableFuture$AsyncSupply.run(CompletableFuture.java:1789)
	at java.base/java.util.concurrent.CompletableFuture$AsyncSupply.exec(CompletableFuture.java:1781)
	at java.base/java.util.concurrent.ForkJoinTask.doExec(ForkJoinTask.java:511)
	at java.base/java.util.concurrent.ForkJoinPool$WorkQueue.topLevelExec(ForkJoinPool.java:1450)
	at java.base/java.util.concurrent.ForkJoinPool.runWorker(ForkJoinPool.java:2019)
	at java.base/java.util.concurrent.ForkJoinWorkerThread.run(ForkJoinWorkerThread.java:187)
[19:54:36] [Worker-Main-10/WARN]: Profile contained invalid signature for textures property (profile id: 04049c90-d3e9-4621-9caf-0000aaa25805)
[19:54:36] [Worker-Main-10/ERROR]: Failed to verify signature on property Property[name=textures, value=eyJ0ZXh0dXJlcyI6eyJTS0lOIjp7InVybCI6Imh0dHA6Ly90ZXh0dXJlcy5taW5lY3JhZnQubmV0L3RleHR1cmUvYmFlNzUxNzcwYTcwYTAwOGEwM2UxMzk3Y2JjNWJlOGFlM2Y3ODI5ODZhODE0ZjA0OTQzY2Y2MmE3MTIxYmMzZiJ9fX0=, signature=]
java.security.SignatureException: Bad signature length: got 0 but was expecting 512
	at java.base/sun.security.rsa.RSASignature.engineVerify(RSASignature.java:212)
	at java.base/java.security.Signature$Delegate.engineVerify(Signature.java:1434)
	at java.base/java.security.Signature.verify(Signature.java:802)
	at knot//com.mojang.authlib.yggdrasil.YggdrasilServicesKeyInfo.validateProperty(YggdrasilServicesKeyInfo.java:165)
	at knot//com.mojang.authlib.yggdrasil.YggdrasilMinecraftSessionService.lambda$getPropertySignatureState$0(YggdrasilMinecraftSessionService.java:185)
	at java.base/java.util.stream.MatchOps$1MatchSink.accept(MatchOps.java:90)
	at java.base/java.util.AbstractList$RandomAccessSpliterator.tryAdvance(AbstractList.java:708)
	at java.base/java.util.stream.ReferencePipeline.forEachWithCancel(ReferencePipeline.java:147)
	at java.base/java.util.stream.AbstractPipeline.copyIntoWithCancel(AbstractPipeline.java:588)
	at java.base/java.util.stream.AbstractPipeline.copyInto(AbstractPipeline.java:574)
	at java.base/java.util.stream.AbstractPipeline.wrapAndCopyInto(AbstractPipeline.java:560)
	at java.base/java.util.stream.MatchOps$MatchOp.evaluateSequential(MatchOps.java:230)
	at java.base/java.util.stream.MatchOps$MatchOp.evaluateSequential(MatchOps.java:196)
	at java.base/java.util.stream.AbstractPipeline.evaluate(AbstractPipeline.java:265)
	at java.base/java.util.stream.ReferencePipeline.noneMatch(ReferencePipeline.java:678)
	at knot//com.mojang.authlib.yggdrasil.YggdrasilMinecraftSessionService.getPropertySignatureState(YggdrasilMinecraftSessionService.java:185)
	at knot//com.mojang.authlib.yggdrasil.YggdrasilMinecraftSessionService.unpackTextures(YggdrasilMinecraftSessionService.java:128)
	at knot//net.minecraft.client.resources.SkinManager$1.lambda$load$0(SkinManager.java:60)
	at java.base/java.util.concurrent.CompletableFuture$AsyncSupply.run(CompletableFuture.java:1789)
	at java.base/java.util.concurrent.CompletableFuture$AsyncSupply.exec(CompletableFuture.java:1781)
	at java.base/java.util.concurrent.ForkJoinTask.doExec(ForkJoinTask.java:511)
	at java.base/java.util.concurrent.ForkJoinPool$WorkQueue.topLevelExec(ForkJoinPool.java:1450)
	at java.base/java.util.concurrent.ForkJoinPool.runWorker(ForkJoinPool.java:2019)
	at java.base/java.util.concurrent.ForkJoinWorkerThread.run(ForkJoinWorkerThread.java:187)
[19:54:36] [Worker-Main-10/ERROR]: Failed to verify signature on property Property[name=textures, value=eyJ0ZXh0dXJlcyI6eyJTS0lOIjp7InVybCI6Imh0dHA6Ly90ZXh0dXJlcy5taW5lY3JhZnQubmV0L3RleHR1cmUvYmFlNzUxNzcwYTcwYTAwOGEwM2UxMzk3Y2JjNWJlOGFlM2Y3ODI5ODZhODE0ZjA0OTQzY2Y2MmE3MTIxYmMzZiJ9fX0=, signature=]
java.security.SignatureException: Bad signature length: got 0 but was expecting 512
	at java.base/sun.security.rsa.RSASignature.engineVerify(RSASignature.java:212)
	at java.base/java.security.Signature$Delegate.engineVerify(Signature.java:1434)
	at java.base/java.security.Signature.verify(Signature.java:802)
	at knot//com.mojang.authlib.yggdrasil.YggdrasilServicesKeyInfo.validateProperty(YggdrasilServicesKeyInfo.java:165)
	at knot//com.mojang.authlib.yggdrasil.YggdrasilMinecraftSessionService.lambda$getPropertySignatureState$0(YggdrasilMinecraftSessionService.java:185)
	at java.base/java.util.stream.MatchOps$1MatchSink.accept(MatchOps.java:90)
	at java.base/java.util.AbstractList$RandomAccessSpliterator.tryAdvance(AbstractList.java:708)
	at java.base/java.util.stream.ReferencePipeline.forEachWithCancel(ReferencePipeline.java:147)
	at java.base/java.util.stream.AbstractPipeline.copyIntoWithCancel(AbstractPipeline.java:588)
	at java.base/java.util.stream.AbstractPipeline.copyInto(AbstractPipeline.java:574)
	at java.base/java.util.stream.AbstractPipeline.wrapAndCopyInto(AbstractPipeline.java:560)
	at java.base/java.util.stream.MatchOps$MatchOp.evaluateSequential(MatchOps.java:230)
	at java.base/java.util.stream.MatchOps$MatchOp.evaluateSequential(MatchOps.java:196)
	at java.base/java.util.stream.AbstractPipeline.evaluate(AbstractPipeline.java:265)
	at java.base/java.util.stream.ReferencePipeline.noneMatch(ReferencePipeline.java:678)
	at knot//com.mojang.authlib.yggdrasil.YggdrasilMinecraftSessionService.getPropertySignatureState(YggdrasilMinecraftSessionService.java:185)
	at knot//com.mojang.authlib.yggdrasil.YggdrasilMinecraftSessionService.unpackTextures(YggdrasilMinecraftSessionService.java:128)
	at knot//net.minecraft.client.resources.SkinManager$1.lambda$load$0(SkinManager.java:60)
	at java.base/java.util.concurrent.CompletableFuture$AsyncSupply.run(CompletableFuture.java:1789)
	at java.base/java.util.concurrent.CompletableFuture$AsyncSupply.exec(CompletableFuture.java:1781)
	at java.base/java.util.concurrent.ForkJoinTask.doExec(ForkJoinTask.java:511)
	at java.base/java.util.concurrent.ForkJoinPool$WorkQueue.topLevelExec(ForkJoinPool.java:1450)
	at java.base/java.util.concurrent.ForkJoinPool.runWorker(ForkJoinPool.java:2019)
	at java.base/java.util.concurrent.ForkJoinWorkerThread.run(ForkJoinWorkerThread.java:187)
[19:54:36] [Worker-Main-10/WARN]: Profile contained invalid signature for textures property (profile id: 04049c90-d3e9-4621-9caf-0000aaa23848)
[19:54:36] [Worker-Main-10/ERROR]: Failed to verify signature on property Property[name=textures, value=eyJ0ZXh0dXJlcyI6eyJTS0lOIjp7InVybCI6Imh0dHA6Ly90ZXh0dXJlcy5taW5lY3JhZnQubmV0L3RleHR1cmUvYzc1MDJjNmE2ODg1MmViZjEwODdhMmVkMmE2M2Y4ZDg1ODk4YTcwNDlkNTE0YjJjNjc1ZmEwOTE1YmY0NzI0NiJ9fX0=, signature=]
java.security.SignatureException: Bad signature length: got 0 but was expecting 512
	at java.base/sun.security.rsa.RSASignature.engineVerify(RSASignature.java:212)
	at java.base/java.security.Signature$Delegate.engineVerify(Signature.java:1434)
	at java.base/java.security.Signature.verify(Signature.java:802)
	at knot//com.mojang.authlib.yggdrasil.YggdrasilServicesKeyInfo.validateProperty(YggdrasilServicesKeyInfo.java:165)
	at knot//com.mojang.authlib.yggdrasil.YggdrasilMinecraftSessionService.lambda$getPropertySignatureState$0(YggdrasilMinecraftSessionService.java:185)
	at java.base/java.util.stream.MatchOps$1MatchSink.accept(MatchOps.java:90)
	at java.base/java.util.AbstractList$RandomAccessSpliterator.tryAdvance(AbstractList.java:708)
	at java.base/java.util.stream.ReferencePipeline.forEachWithCancel(ReferencePipeline.java:147)
	at java.base/java.util.stream.AbstractPipeline.copyIntoWithCancel(AbstractPipeline.java:588)
	at java.base/java.util.stream.AbstractPipeline.copyInto(AbstractPipeline.java:574)
	at java.base/java.util.stream.AbstractPipeline.wrapAndCopyInto(AbstractPipeline.java:560)
	at java.base/java.util.stream.MatchOps$MatchOp.evaluateSequential(MatchOps.java:230)
	at java.base/java.util.stream.MatchOps$MatchOp.evaluateSequential(MatchOps.java:196)
	at java.base/java.util.stream.AbstractPipeline.evaluate(AbstractPipeline.java:265)
	at java.base/java.util.stream.ReferencePipeline.noneMatch(ReferencePipeline.java:678)
	at knot//com.mojang.authlib.yggdrasil.YggdrasilMinecraftSessionService.getPropertySignatureState(YggdrasilMinecraftSessionService.java:185)
	at knot//com.mojang.authlib.yggdrasil.YggdrasilMinecraftSessionService.unpackTextures(YggdrasilMinecraftSessionService.java:128)
	at knot//net.minecraft.client.resources.SkinManager$1.lambda$load$0(SkinManager.java:60)
	at java.base/java.util.concurrent.CompletableFuture$AsyncSupply.run(CompletableFuture.java:1789)
	at java.base/java.util.concurrent.CompletableFuture$AsyncSupply.exec(CompletableFuture.java:1781)
	at java.base/java.util.concurrent.ForkJoinTask.doExec(ForkJoinTask.java:511)
	at java.base/java.util.concurrent.ForkJoinPool$WorkQueue.topLevelExec(ForkJoinPool.java:1450)
	at java.base/java.util.concurrent.ForkJoinPool.runWorker(ForkJoinPool.java:2019)
	at java.base/java.util.concurrent.ForkJoinWorkerThread.run(ForkJoinWorkerThread.java:187)
[19:54:36] [Worker-Main-10/ERROR]: Failed to verify signature on property Property[name=textures, value=eyJ0ZXh0dXJlcyI6eyJTS0lOIjp7InVybCI6Imh0dHA6Ly90ZXh0dXJlcy5taW5lY3JhZnQubmV0L3RleHR1cmUvYzc1MDJjNmE2ODg1MmViZjEwODdhMmVkMmE2M2Y4ZDg1ODk4YTcwNDlkNTE0YjJjNjc1ZmEwOTE1YmY0NzI0NiJ9fX0=, signature=]
java.security.SignatureException: Bad signature length: got 0 but was expecting 512
	at java.base/sun.security.rsa.RSASignature.engineVerify(RSASignature.java:212)
	at java.base/java.security.Signature$Delegate.engineVerify(Signature.java:1434)
	at java.base/java.security.Signature.verify(Signature.java:802)
	at knot//com.mojang.authlib.yggdrasil.YggdrasilServicesKeyInfo.validateProperty(YggdrasilServicesKeyInfo.java:165)
	at knot//com.mojang.authlib.yggdrasil.YggdrasilMinecraftSessionService.lambda$getPropertySignatureState$0(YggdrasilMinecraftSessionService.java:185)
	at java.base/java.util.stream.MatchOps$1MatchSink.accept(MatchOps.java:90)
	at java.base/java.util.AbstractList$RandomAccessSpliterator.tryAdvance(AbstractList.java:708)
	at java.base/java.util.stream.ReferencePipeline.forEachWithCancel(ReferencePipeline.java:147)
	at java.base/java.util.stream.AbstractPipeline.copyIntoWithCancel(AbstractPipeline.java:588)
	at java.base/java.util.stream.AbstractPipeline.copyInto(AbstractPipeline.java:574)
	at java.base/java.util.stream.AbstractPipeline.wrapAndCopyInto(AbstractPipeline.java:560)
	at java.base/java.util.stream.MatchOps$MatchOp.evaluateSequential(MatchOps.java:230)
	at java.base/java.util.stream.MatchOps$MatchOp.evaluateSequential(MatchOps.java:196)
	at java.base/java.util.stream.AbstractPipeline.evaluate(AbstractPipeline.java:265)
	at java.base/java.util.stream.ReferencePipeline.noneMatch(ReferencePipeline.java:678)
	at knot//com.mojang.authlib.yggdrasil.YggdrasilMinecraftSessionService.getPropertySignatureState(YggdrasilMinecraftSessionService.java:185)
	at knot//com.mojang.authlib.yggdrasil.YggdrasilMinecraftSessionService.unpackTextures(YggdrasilMinecraftSessionService.java:128)
	at knot//net.minecraft.client.resources.SkinManager$1.lambda$load$0(SkinManager.java:60)
	at java.base/java.util.concurrent.CompletableFuture$AsyncSupply.run(CompletableFuture.java:1789)
	at java.base/java.util.concurrent.CompletableFuture$AsyncSupply.exec(CompletableFuture.java:1781)
	at java.base/java.util.concurrent.ForkJoinTask.doExec(ForkJoinTask.java:511)
	at java.base/java.util.concurrent.ForkJoinPool$WorkQueue.topLevelExec(ForkJoinPool.java:1450)
	at java.base/java.util.concurrent.ForkJoinPool.runWorker(ForkJoinPool.java:2019)
	at java.base/java.util.concurrent.ForkJoinWorkerThread.run(ForkJoinWorkerThread.java:187)
[19:54:36] [Worker-Main-10/WARN]: Profile contained invalid signature for textures property (profile id: 04049c90-d3e9-4621-9caf-0000aaa23846)
[19:54:37] [IO-Worker-2/INFO]: Saving...
[19:54:37] [IO-Worker-2/INFO]: Saved 59 messages and 28 sent messages to '/home/helminth/.local/share/PrismLauncher/instances/26.2/minecraft/logs/chatlog.json'!
[19:54:37] [IO-Worker-2/INFO]: [ChatLog.serialize(->0)] Took 0.235 seconds
[19:54:37] [Render thread/WARN]: Warning! Mod clearwaterlava has a broken icon, loading default icon
[19:54:39] [Render thread/WARN]: Warning! Mod windowfix has a broken icon, loading default icon
[19:54:47] [IO-Worker-1/INFO]: Saving...
[19:54:47] [IO-Worker-1/INFO]: Saved 60 messages and 28 sent messages to '/home/helminth/.local/share/PrismLauncher/instances/26.2/minecraft/logs/chatlog.json'!
[19:54:47] [IO-Worker-1/INFO]: [ChatLog.serialize(->0)] Took 0.007 seconds
[19:54:49] [Worker-Main-10/ERROR]: Failed to verify signature on property Property[name=textures, value=eyJ0ZXh0dXJlcyI6eyJTS0lOIjp7InVybCI6Imh0dHA6Ly90ZXh0dXJlcy5taW5lY3JhZnQubmV0L3RleHR1cmUvOWI1MGQ2ODYyMjE0MzU5YmFmZjQ3MzY5NmIzZWFjZjcxYzdhZmFiOGY0MDJjOTAyZDIwMzZlNzY3ODg3NTgzIn19fQ==, signature=]
java.security.SignatureException: Bad signature length: got 0 but was expecting 512
	at java.base/sun.security.rsa.RSASignature.engineVerify(RSASignature.java:212)
	at java.base/java.security.Signature$Delegate.engineVerify(Signature.java:1434)
	at java.base/java.security.Signature.verify(Signature.java:802)
	at knot//com.mojang.authlib.yggdrasil.YggdrasilServicesKeyInfo.validateProperty(YggdrasilServicesKeyInfo.java:165)
	at knot//com.mojang.authlib.yggdrasil.YggdrasilMinecraftSessionService.lambda$getPropertySignatureState$0(YggdrasilMinecraftSessionService.java:185)
	at java.base/java.util.stream.MatchOps$1MatchSink.accept(MatchOps.java:90)
	at java.base/java.util.AbstractList$RandomAccessSpliterator.tryAdvance(AbstractList.java:708)
	at java.base/java.util.stream.ReferencePipeline.forEachWithCancel(ReferencePipeline.java:147)
	at java.base/java.util.stream.AbstractPipeline.copyIntoWithCancel(AbstractPipeline.java:588)
	at java.base/java.util.stream.AbstractPipeline.copyInto(AbstractPipeline.java:574)
	at java.base/java.util.stream.AbstractPipeline.wrapAndCopyInto(AbstractPipeline.java:560)
	at java.base/java.util.stream.MatchOps$MatchOp.evaluateSequential(MatchOps.java:230)
	at java.base/java.util.stream.MatchOps$MatchOp.evaluateSequential(MatchOps.java:196)
	at java.base/java.util.stream.AbstractPipeline.evaluate(AbstractPipeline.java:265)
	at java.base/java.util.stream.ReferencePipeline.noneMatch(ReferencePipeline.java:678)
	at knot//com.mojang.authlib.yggdrasil.YggdrasilMinecraftSessionService.getPropertySignatureState(YggdrasilMinecraftSessionService.java:185)
	at knot//com.mojang.authlib.yggdrasil.YggdrasilMinecraftSessionService.unpackTextures(YggdrasilMinecraftSessionService.java:128)
	at knot//net.minecraft.client.resources.SkinManager$1.lambda$load$0(SkinManager.java:60)
	at java.base/java.util.concurrent.CompletableFuture$AsyncSupply.run(CompletableFuture.java:1789)
	at java.base/java.util.concurrent.CompletableFuture$AsyncSupply.exec(CompletableFuture.java:1781)
	at java.base/java.util.concurrent.ForkJoinTask.doExec(ForkJoinTask.java:511)
	at java.base/java.util.concurrent.ForkJoinPool$WorkQueue.topLevelExec(ForkJoinPool.java:1450)
	at java.base/java.util.concurrent.ForkJoinPool.runWorker(ForkJoinPool.java:2019)
	at java.base/java.util.concurrent.ForkJoinWorkerThread.run(ForkJoinWorkerThread.java:187)
[19:54:49] [Worker-Main-10/ERROR]: Failed to verify signature on property Property[name=textures, value=eyJ0ZXh0dXJlcyI6eyJTS0lOIjp7InVybCI6Imh0dHA6Ly90ZXh0dXJlcy5taW5lY3JhZnQubmV0L3RleHR1cmUvOWI1MGQ2ODYyMjE0MzU5YmFmZjQ3MzY5NmIzZWFjZjcxYzdhZmFiOGY0MDJjOTAyZDIwMzZlNzY3ODg3NTgzIn19fQ==, signature=]
java.security.SignatureException: Bad signature length: got 0 but was expecting 512
	at java.base/sun.security.rsa.RSASignature.engineVerify(RSASignature.java:212)
	at java.base/java.security.Signature$Delegate.engineVerify(Signature.java:1434)
	at java.base/java.security.Signature.verify(Signature.java:802)
	at knot//com.mojang.authlib.yggdrasil.YggdrasilServicesKeyInfo.validateProperty(YggdrasilServicesKeyInfo.java:165)
	at knot//com.mojang.authlib.yggdrasil.YggdrasilMinecraftSessionService.lambda$getPropertySignatureState$0(YggdrasilMinecraftSessionService.java:185)
	at java.base/java.util.stream.MatchOps$1MatchSink.accept(MatchOps.java:90)
	at java.base/java.util.AbstractList$RandomAccessSpliterator.tryAdvance(AbstractList.java:708)
	at java.base/java.util.stream.ReferencePipeline.forEachWithCancel(ReferencePipeline.java:147)
	at java.base/java.util.stream.AbstractPipeline.copyIntoWithCancel(AbstractPipeline.java:588)
	at java.base/java.util.stream.AbstractPipeline.copyInto(AbstractPipeline.java:574)
	at java.base/java.util.stream.AbstractPipeline.wrapAndCopyInto(AbstractPipeline.java:560)
	at java.base/java.util.stream.MatchOps$MatchOp.evaluateSequential(MatchOps.java:230)
	at java.base/java.util.stream.MatchOps$MatchOp.evaluateSequential(MatchOps.java:196)
	at java.base/java.util.stream.AbstractPipeline.evaluate(AbstractPipeline.java:265)
	at java.base/java.util.stream.ReferencePipeline.noneMatch(ReferencePipeline.java:678)
	at knot//com.mojang.authlib.yggdrasil.YggdrasilMinecraftSessionService.getPropertySignatureState(YggdrasilMinecraftSessionService.java:185)
	at knot//com.mojang.authlib.yggdrasil.YggdrasilMinecraftSessionService.unpackTextures(YggdrasilMinecraftSessionService.java:128)
	at knot//net.minecraft.client.resources.SkinManager$1.lambda$load$0(SkinManager.java:60)
	at java.base/java.util.concurrent.CompletableFuture$AsyncSupply.run(CompletableFuture.java:1789)
	at java.base/java.util.concurrent.CompletableFuture$AsyncSupply.exec(CompletableFuture.java:1781)
	at java.base/java.util.concurrent.ForkJoinTask.doExec(ForkJoinTask.java:511)
	at java.base/java.util.concurrent.ForkJoinPool$WorkQueue.topLevelExec(ForkJoinPool.java:1450)
	at java.base/java.util.concurrent.ForkJoinPool.runWorker(ForkJoinPool.java:2019)
	at java.base/java.util.concurrent.ForkJoinWorkerThread.run(ForkJoinWorkerThread.java:187)
[19:54:49] [Worker-Main-10/WARN]: Profile contained invalid signature for textures property (profile id: 04049c90-d3e9-4621-9caf-0000aaa18646)
[19:54:57] [Render thread/INFO]: [CHAT] -----------------------------------------------------\n                           §6Friends (Page 1 of 2) >>\n§6§lclaubunny §eis currently §5Busy\n§6§lCrywolfix §eis in Prototype - Ravengard Dungeon Trios\n§b§lMaggiAusDaKann §eis in SkyBlock - Garden\n§6§lTechnomancer55 §eis in TNT Games - TNT Run\n§b§lAraRenn §cis currently offline\n§b§lcreeperbark §cis currently offline\n§b§lCuriousAtara §cis currently offline\n§b§lcato* §cis currently offline\n-----------------------------------------------------
[19:55:02] [Worker-Main-12/ERROR]: Failed to verify signature on property Property[name=textures, value=eyJ0ZXh0dXJlcyI6eyJTS0lOIjp7InVybCI6Imh0dHA6Ly90ZXh0dXJlcy5taW5lY3JhZnQubmV0L3RleHR1cmUvNWE2MzE0ZWFjMzQ0MTZjZTEwYWIyMmMyZTFjNGRjYjQ3MmEzZmViOThkNGUwNGQzZmJiYjg1YTlhNDcxYjE4In19fQ==, signature=]
java.security.SignatureException: Bad signature length: got 0 but was expecting 512
	at java.base/sun.security.rsa.RSASignature.engineVerify(RSASignature.java:212)
	at java.base/java.security.Signature$Delegate.engineVerify(Signature.java:1434)
	at java.base/java.security.Signature.verify(Signature.java:802)
	at knot//com.mojang.authlib.yggdrasil.YggdrasilServicesKeyInfo.validateProperty(YggdrasilServicesKeyInfo.java:165)
	at knot//com.mojang.authlib.yggdrasil.YggdrasilMinecraftSessionService.lambda$getPropertySignatureState$0(YggdrasilMinecraftSessionService.java:185)
	at java.base/java.util.stream.MatchOps$1MatchSink.accept(MatchOps.java:90)
	at java.base/java.util.AbstractList$RandomAccessSpliterator.tryAdvance(AbstractList.java:708)
	at java.base/java.util.stream.ReferencePipeline.forEachWithCancel(ReferencePipeline.java:147)
	at java.base/java.util.stream.AbstractPipeline.copyIntoWithCancel(AbstractPipeline.java:588)
	at java.base/java.util.stream.AbstractPipeline.copyInto(AbstractPipeline.java:574)
	at java.base/java.util.stream.AbstractPipeline.wrapAndCopyInto(AbstractPipeline.java:560)
	at java.base/java.util.stream.MatchOps$MatchOp.evaluateSequential(MatchOps.java:230)
	at java.base/java.util.stream.MatchOps$MatchOp.evaluateSequential(MatchOps.java:196)
	at java.base/java.util.stream.AbstractPipeline.evaluate(AbstractPipeline.java:265)
	at java.base/java.util.stream.ReferencePipeline.noneMatch(ReferencePipeline.java:678)
	at knot//com.mojang.authlib.yggdrasil.YggdrasilMinecraftSessionService.getPropertySignatureState(YggdrasilMinecraftSessionService.java:185)
	at knot//com.mojang.authlib.yggdrasil.YggdrasilMinecraftSessionService.unpackTextures(YggdrasilMinecraftSessionService.java:128)
	at knot//net.minecraft.client.resources.SkinManager$1.lambda$load$0(SkinManager.java:60)
	at java.base/java.util.concurrent.CompletableFuture$AsyncSupply.run(CompletableFuture.java:1789)
	at java.base/java.util.concurrent.CompletableFuture$AsyncSupply.exec(CompletableFuture.java:1781)
	at java.base/java.util.concurrent.ForkJoinTask.doExec(ForkJoinTask.java:511)
	at java.base/java.util.concurrent.ForkJoinPool$WorkQueue.topLevelExec(ForkJoinPool.java:1450)
	at java.base/java.util.concurrent.ForkJoinPool.runWorker(ForkJoinPool.java:2019)
	at java.base/java.util.concurrent.ForkJoinWorkerThread.run(ForkJoinWorkerThread.java:187)
[19:55:02] [Worker-Main-12/ERROR]: Failed to verify signature on property Property[name=textures, value=eyJ0ZXh0dXJlcyI6eyJTS0lOIjp7InVybCI6Imh0dHA6Ly90ZXh0dXJlcy5taW5lY3JhZnQubmV0L3RleHR1cmUvNWE2MzE0ZWFjMzQ0MTZjZTEwYWIyMmMyZTFjNGRjYjQ3MmEzZmViOThkNGUwNGQzZmJiYjg1YTlhNDcxYjE4In19fQ==, signature=]
java.security.SignatureException: Bad signature length: got 0 but was expecting 512
	at java.base/sun.security.rsa.RSASignature.engineVerify(RSASignature.java:212)
	at java.base/java.security.Signature$Delegate.engineVerify(Signature.java:1434)
	at java.base/java.security.Signature.verify(Signature.java:802)
	at knot//com.mojang.authlib.yggdrasil.YggdrasilServicesKeyInfo.validateProperty(YggdrasilServicesKeyInfo.java:165)
	at knot//com.mojang.authlib.yggdrasil.YggdrasilMinecraftSessionService.lambda$getPropertySignatureState$0(YggdrasilMinecraftSessionService.java:185)
	at java.base/java.util.stream.MatchOps$1MatchSink.accept(MatchOps.java:90)
	at java.base/java.util.AbstractList$RandomAccessSpliterator.tryAdvance(AbstractList.java:708)
	at java.base/java.util.stream.ReferencePipeline.forEachWithCancel(ReferencePipeline.java:147)
	at java.base/java.util.stream.AbstractPipeline.copyIntoWithCancel(AbstractPipeline.java:588)
	at java.base/java.util.stream.AbstractPipeline.copyInto(AbstractPipeline.java:574)
	at java.base/java.util.stream.AbstractPipeline.wrapAndCopyInto(AbstractPipeline.java:560)
	at java.base/java.util.stream.MatchOps$MatchOp.evaluateSequential(MatchOps.java:230)
	at java.base/java.util.stream.MatchOps$MatchOp.evaluateSequential(MatchOps.java:196)
	at java.base/java.util.stream.AbstractPipeline.evaluate(AbstractPipeline.java:265)
	at java.base/java.util.stream.ReferencePipeline.noneMatch(ReferencePipeline.java:678)
	at knot//com.mojang.authlib.yggdrasil.YggdrasilMinecraftSessionService.getPropertySignatureState(YggdrasilMinecraftSessionService.java:185)
	at knot//com.mojang.authlib.yggdrasil.YggdrasilMinecraftSessionService.unpackTextures(YggdrasilMinecraftSessionService.java:128)
	at knot//net.minecraft.client.resources.SkinManager$1.lambda$load$0(SkinManager.java:60)
	at java.base/java.util.concurrent.CompletableFuture$AsyncSupply.run(CompletableFuture.java:1789)
	at java.base/java.util.concurrent.CompletableFuture$AsyncSupply.exec(CompletableFuture.java:1781)
	at java.base/java.util.concurrent.ForkJoinTask.doExec(ForkJoinTask.java:511)
	at java.base/java.util.concurrent.ForkJoinPool$WorkQueue.topLevelExec(ForkJoinPool.java:1450)
	at java.base/java.util.concurrent.ForkJoinPool.runWorker(ForkJoinPool.java:2019)
	at java.base/java.util.concurrent.ForkJoinWorkerThread.run(ForkJoinWorkerThread.java:187)
[19:55:02] [Worker-Main-12/WARN]: Profile contained invalid signature for textures property (profile id: 04049c90-d3e9-4621-9caf-00000aaa3994)
[19:55:15] [Render thread/INFO]: [CHAT] You caught a cooked cod!
[19:55:24] [Render thread/INFO]: [CHAT] §7You caught a §e§lsecret fish§7!
[19:55:32] [Render thread/ERROR]: Failed to recreate fishing hook on client. null (id: 871769) is not a valid owner.
[19:55:33] [Render thread/ERROR]: Failed to recreate fishing hook on client. null (id: 871769) is not a valid owner.
[19:55:33] [Render thread/ERROR]: Failed to recreate fishing hook on client. null (id: 871769) is not a valid owner.
[19:55:35] [Render thread/INFO]: [CHAT] You caught a charred pufferfish!
[19:55:44] [Render thread/INFO]: [CHAT] You caught blaze powder, that's a treasure!
[19:55:52] [Render thread/INFO]: [CHAT] You caught a cooked cod!
[19:56:01] [Render thread/INFO]: [CHAT] You caught an eye of ender, that's a treasure!
[19:56:10] [Render thread/INFO]: [CHAT] You caught a charred pufferfish!
[19:56:19] [Render thread/INFO]: [CHAT] You caught a cooked cod!
[19:56:19] [IO-Worker-3/INFO]: Saving...
[19:56:19] [IO-Worker-3/INFO]: Saved 77 messages and 29 sent messages to '/home/helminth/.local/share/PrismLauncher/instances/26.2/minecraft/logs/chatlog.json'!
[19:56:19] [IO-Worker-3/INFO]: [ChatLog.serialize(->0)] Took 0.006 seconds
[19:56:22] [Render thread/INFO]: Flushed changes to Minecraft configuration
[19:56:45] [IO-Worker-4/INFO]: Saving...
[19:56:45] [IO-Worker-4/INFO]: Saved 80 messages and 29 sent messages to '/home/helminth/.local/share/PrismLauncher/instances/26.2/minecraft/logs/chatlog.json'!
[19:56:45] [IO-Worker-4/INFO]: [ChatLog.serialize(->0)] Took 0.006 seconds
[19:56:54] [Render thread/INFO]: Flushed changes to Minecraft configuration
[19:56:54] [Render thread/INFO]: Stopping worker threads
[19:56:54] [Render thread/INFO]: Started 10 worker threads
[19:57:03] [IO-Worker-3/INFO]: Saving...
[19:57:03] [IO-Worker-3/INFO]: Saved 82 messages and 29 sent messages to '/home/helminth/.local/share/PrismLauncher/instances/26.2/minecraft/logs/chatlog.json'!
[19:57:03] [IO-Worker-3/INFO]: [ChatLog.serialize(->0)] Took 0.005 seconds
[19:57:33] [Render thread/WARN]: Received passengers for unknown entity
[19:57:35] [IO-Worker-4/INFO]: Saving...
[19:57:35] [IO-Worker-4/INFO]: Saved 84 messages and 29 sent messages to '/home/helminth/.local/share/PrismLauncher/instances/26.2/minecraft/logs/chatlog.json'!
[19:57:35] [IO-Worker-4/INFO]: [ChatLog.serialize(->0)] Took 0.004 seconds
[19:57:35] [Render thread/WARN]: Received passengers for unknown entity
[19:57:37] [Render thread/WARN]: Received passengers for unknown entity
[19:57:40] [Render thread/INFO]: Stopping worker threads
[19:57:42] [Worker-Main-3/INFO]: Registering commands with com.sk89q.worldedit.fabric.internal.FabricPlatform
[19:57:42] [Render thread/INFO]: Loaded 1617 recipes
[19:57:42] [Render thread/INFO]: Loaded 1688 advancements
[19:57:42] [Render thread/INFO]: Applied 0 biome modifications to 0 of 66 new biomes in 762.5 μs
[19:57:42] [Server thread/INFO]: Starting integrated minecraft server version 26.2
[19:57:42] [Server thread/INFO]: Generating keypair
[19:57:42] [Server thread/INFO]: Loading 0 persistent chunks...
[19:57:42] [Server thread/INFO]: Preparing spawn area: 16%
[19:57:42] [Server thread/INFO]: Saving chunks for level 'ServerLevel[New World]'/minecraft:overworld
[19:57:42] [Server thread/INFO]: Saving chunks for level 'ServerLevel[New World]'/minecraft:the_end
[19:57:42] [Server thread/INFO]: Saving chunks for level 'ServerLevel[New World]'/minecraft:the_nether
[19:57:42] [Server thread/INFO]: ThreadedAnvilChunkStorage (world): All chunks are saved
[19:57:42] [Server thread/INFO]: ThreadedAnvilChunkStorage (DIM1): All chunks are saved
[19:57:42] [Server thread/INFO]: ThreadedAnvilChunkStorage (DIM-1): All chunks are saved
[19:57:42] [Server thread/INFO]: ThreadedAnvilChunkStorage: All dimensions are saved
[19:57:43] [Server thread/INFO]: Loading 49 chunks for player spawn...
[19:57:43] [Server thread/INFO]: Preparing spawn area: 16%
[19:57:43] [Server thread/INFO]: Time elapsed: 902 ms
[19:57:43] [Server thread/INFO]: Mouse3D[local:E:427982fb] logged in with entity id 77 at (-261.5023187924926, 120.0, -1282.6535925028074)
[19:57:43] [Render thread/INFO]: Started 10 worker threads
[19:57:43] [Server thread/INFO]: Mouse3D joined the game
[19:57:43] [Server thread/INFO]: Changing view distance to 8, from 10
[19:57:43] [Server thread/INFO]: Changing simulation distance to 8, from 0
[19:57:44] [Render thread/INFO]: [CHAT] §8[§rNew World§8]
[19:57:44] [Render thread/INFO]: Loaded 78 advancements
[19:57:44] [Render thread/INFO]: Stopping worker threads
[19:57:44] [Render thread/INFO]: Started 10 worker threads
[19:57:50] [Server thread/INFO]: [Mouse3D: Set the weather to clear]
[19:57:50] [Render thread/INFO]: [CHAT] Set the weather to clear
[19:57:52] [Server thread/INFO]: [Mouse3D: Set minecraft:overworld to time marker minecraft:day]
[19:57:52] [Render thread/INFO]: [CHAT] Set minecraft:overworld to time marker minecraft:day
[19:58:02] [IO-Worker-8/INFO]: Saving...
[19:58:02] [IO-Worker-8/INFO]: Saved 87 messages and 31 sent messages to '/home/helminth/.local/share/PrismLauncher/instances/26.2/minecraft/logs/chatlog.json'!
[19:58:02] [IO-Worker-8/INFO]: [ChatLog.serialize(->0)] Took 0.022 seconds
[19:58:02] [Server thread/INFO]: Saving and pausing game...
[19:58:02] [Server thread/INFO]: Saving chunks for level 'ServerLevel[New World]'/minecraft:overworld
[19:58:02] [Server thread/INFO]: Saving chunks for level 'ServerLevel[New World]'/minecraft:the_end
[19:58:02] [Server thread/INFO]: Saving chunks for level 'ServerLevel[New World]'/minecraft:the_nether
[19:58:08] [Render thread/INFO]: Flushed changes to Minecraft configuration
[19:58:08] [Render thread/INFO]: Stopping worker threads
[19:58:08] [Render thread/INFO]: Started 10 worker threads
[19:58:09] [Server thread/INFO]: Changing view distance to 12, from 8
[19:58:09] [Server thread/INFO]: Changing simulation distance to 12, from 8
[19:58:09] [Render thread/INFO]: Stopping worker threads
[19:58:09] [Render thread/INFO]: Started 10 worker threads
[19:58:23] [Server thread/INFO]: Saving and pausing game...
[19:58:23] [Server thread/INFO]: Saving chunks for level 'ServerLevel[New World]'/minecraft:overworld
[19:58:23] [Server thread/INFO]: Saving chunks for level 'ServerLevel[New World]'/minecraft:the_end
[19:58:23] [Server thread/INFO]: Saving chunks for level 'ServerLevel[New World]'/minecraft:the_nether
[19:58:23] [Render thread/INFO]: [FastQuit] Disconnected "New World" from the client.
[19:58:23] [Render thread/INFO]: Stopping worker threads
[19:58:23] [Server thread/INFO]: Stopping server
[19:58:23] [Server thread/INFO]: Saving players
[19:58:23] [Server thread/INFO]: Mouse3D lost connection: Disconnected
[19:58:23] [Server thread/INFO]: Mouse3D left the game
[19:58:23] [Server thread/INFO]: Stopping singleplayer server as player logged out
[19:58:23] [Server thread/INFO]: Saving worlds
[19:58:23] [Server thread/INFO]: Saving chunks for level 'ServerLevel[New World]'/minecraft:overworld
[19:58:23] [Server thread/INFO]: Saving chunks for level 'ServerLevel[New World]'/minecraft:the_end
[19:58:23] [Server thread/INFO]: Saving chunks for level 'ServerLevel[New World]'/minecraft:the_nether
[19:58:23] [Server thread/INFO]: ThreadedAnvilChunkStorage (world): All chunks are saved
[19:58:23] [Server thread/INFO]: ThreadedAnvilChunkStorage (DIM1): All chunks are saved
[19:58:23] [Server thread/INFO]: ThreadedAnvilChunkStorage (DIM-1): All chunks are saved
[19:58:23] [Server thread/INFO]: ThreadedAnvilChunkStorage: All dimensions are saved
[19:58:23] [Server thread/INFO]: [FastQuit] Finished saving "New World" (0s)
[19:58:30] [CullThread/INFO]: [STDOUT]: Shutting down culling task!
[19:58:31] [Render thread/INFO]: Stopping!
[19:58:31] [Render thread/INFO]: [FastQuit] Exiting FastQuit.
