[19:10:44] [main/INFO]: Loading Minecraft 26.3-snapshot-9 with Fabric Loader 0.19.3
[19:10:44] [main/WARN]: Warnings were found!
 - Mod 'Cape Provider' (cape-provider) 5.6.0-SNAPSHOT recommends version 26.3-snapshot-9 or later of 'Minecraft' (minecraft), but only the wrong version is present: 26.3-alpha.9!
	 - You should install version 26.3-snapshot-9 or later of 'Minecraft' (minecraft) for the optimal experience.
 - Mod 'Cape Provider' (cape-provider) 5.6.0-SNAPSHOT recommends version 20.0.1 or later of modmenu, which is missing!
	 - You should install version 20.0.1 or later of modmenu for the optimal experience.
[19:10:44] [main/INFO]: Loading 80 mods:
	- c2me 0.4.2-alpha.0.64+26.3-snapshot-9
	   |-- c2me-base 0.4.2-alpha.0.64+26.3-snapshot-9
	   |-- c2me-client-uncapvd 0.4.2-alpha.0.64+26.3-snapshot-9
	   |-- c2me-fixes-chunkio-threading-issues 0.4.2-alpha.0.64+26.3-snapshot-9
	   |-- c2me-fixes-general-threading-issues 0.4.2-alpha.0.64+26.3-snapshot-9
	   |-- c2me-fixes-worldgen-threading-issues 0.4.2-alpha.0.64+26.3-snapshot-9
	   |-- c2me-fixes-worldgen-vanilla-bugs 0.4.2-alpha.0.64+26.3-snapshot-9
	   |-- c2me-notickvd 0.4.2-alpha.0.64+26.3-snapshot-9
	   |-- c2me-opts-allocs 0.4.2-alpha.0.64+26.3-snapshot-9
	   |-- c2me-opts-chunkio 0.4.2-alpha.0.64+26.3-snapshot-9
	   |-- c2me-opts-dfc 0.4.2-alpha.0.64+26.3-snapshot-9
	   |-- c2me-opts-math 0.4.2-alpha.0.64+26.3-snapshot-9
	   |-- c2me-opts-scheduling 0.4.2-alpha.0.64+26.3-snapshot-9
	   |-- c2me-opts-worldgen-general 0.4.2-alpha.0.64+26.3-snapshot-9
	   |-- c2me-opts-worldgen-vanilla 0.4.2-alpha.0.64+26.3-snapshot-9
	   |-- c2me-rewrites-chunk-serializer 0.4.2-alpha.0.64+26.3-snapshot-9
	   |-- c2me-rewrites-chunk-system 0.4.2-alpha.0.64+26.3-snapshot-9
	   |-- c2me-rewrites-chunkio 0.4.2-alpha.0.64+26.3-snapshot-9
	   |-- c2me-server-utils 0.4.2-alpha.0.64+26.3-snapshot-9
	   |-- c2me-threading-lighting 0.4.2-alpha.0.64+26.3-snapshot-9
	   |-- com_electronwill_night-config_core 3.6.5
	   |-- com_electronwill_night-config_toml 3.6.5
	   |-- com_github_ben-manes_caffeine_caffeine 3.2.1
	   |-- com_ibm_async_asyncutil 0.1.0
	   |-- io_reactivex_rxjava3_rxjava 3.1.12
	   |-- mixinsquared 0.3.7-beta.1
	   |-- net_objecthunter_exp4j 0.4.8
	   |-- org_jctools_jctools-core 4.0.5
	   \-- org_reactivestreams_reactive-streams 1.0.4
	- cape-provider 5.6.0-SNAPSHOT
	- fabric-api 0.158.1+26.3
	   |-- fabric-api-base 2.0.5+3434d6d97a
	   |-- fabric-api-lookup-api-v1 2.0.21+3434d6d97a
	   |-- fabric-biome-api-v1 20.0.6+3434d6d97a
	   |-- fabric-block-api-v1 3.0.4+3434d6d97a
	   |-- fabric-block-getter-api-v2 2.0.8+3434d6d97a
	   |-- fabric-command-api-v2 3.1.1+3434d6d97a
	   |-- fabric-content-registries-v0 14.2.3+3434d6d97a
	   |-- fabric-convention-tags-v2 4.9.3+3434d6d97a
	   |-- fabric-crash-report-info-v1 1.0.6+3434d6d97a
	   |-- fabric-creative-tab-api-v1 5.0.20+3434d6d97a
	   |-- fabric-data-attachment-api-v1 2.2.28+3434d6d97a
	   |-- fabric-data-generation-api-v1 27.1.5+3434d6d97a
	   |-- fabric-debug-api-v1 1.0.3+3434d6d97a
	   |-- fabric-dimensions-v1 5.1.16+3434d6d97a
	   |-- fabric-entity-events-v1 6.0.3+3434d6d97a
	   |-- fabric-events-interaction-v0 5.3.5+3434d6d97a
	   |-- fabric-game-rule-api-v1 4.0.9+3434d6d97a
	   |-- fabric-item-api-v1 14.5.1+3434d6d97a
	   |-- fabric-key-mapping-api-v1 2.0.7+3434d6d97a
	   |-- fabric-lifecycle-events-v1 4.1.6+3434d6d97a
	   |-- fabric-loot-api-v3 4.0.2+3434d6d97a
	   |-- fabric-menu-api-v1 2.0.24+3434d6d97a
	   |-- fabric-message-api-v1 7.0.9+3434d6d97a
	   |-- fabric-model-loading-api-v1 8.0.28+3434d6d97a
	   |-- fabric-networking-api-v1 6.3.7+3434d6d97a
	   |-- fabric-object-builder-api-v1 24.1.7+3434d6d97a
	   |-- fabric-particles-v1 5.0.23+3434d6d97a
	   |-- fabric-permission-api-v1 1.0.6+3434d6d97a
	   |-- fabric-recipe-api-v1 10.0.5+3434d6d97a
	   |-- fabric-registry-sync-v0 7.1.8+3434d6d97a
	   |-- fabric-renderer-api-v1 17.0.8+3434d6d97a
	   |-- fabric-renderer-indigo 9.1.15+3434d6d97a
	   |-- fabric-rendering-fluids-v1 6.0.5+3434d6d97a
	   |-- fabric-rendering-v1 27.0.9+3434d6d97a
	   |-- fabric-resource-conditions-api-v1 6.1.4+3434d6d97a
	   |-- fabric-resource-loader-v0 3.3.25+4fc5413f7a
	   |-- fabric-resource-loader-v1 3.0.3+3434d6d97a
	   |-- fabric-screen-api-v1 5.2.1+3434d6d97a
	   |-- fabric-serialization-api-v1 2.0.5+3434d6d97a
	   |-- fabric-sound-api-v1 2.0.6+3434d6d97a
	   |-- fabric-tag-api-v1 2.1.9+3434d6d97a
	   |-- fabric-transfer-api-v1 8.0.21+3434d6d97a
	   \-- fabric-transitive-access-wideners-v1 8.1.13+3434d6d97a
	- fabric-ph 1.0.0
	- fabricloader 0.19.3
	   \-- mixinextras 0.5.4
	- java 25
	- minecraft 26.3-alpha.9
	- wi_zoom 1.7-MC26.3-snapshot-10
[19:10:44] [main/INFO]: SpongePowered MIXIN Subsystem Version=0.8.7 Source=file:/home/helminth/.local/share/PrismLauncher/libraries/net/fabricmc/sponge-mixin/0.17.3+mixin.0.8.7/sponge-mixin-0.17.3+mixin.0.8.7.jar Service=Knot/Fabric Env=CLIENT
[19:10:44] [main/INFO]: Compatibility level set to JAVA_16
[19:10:44] [main/INFO]: Compatibility level set to JAVA_25
[19:10:44] [main/INFO]: Initializing com.ishland.c2me.base.mixin
[19:10:44] [main/INFO]: Updating config from 0 to 1
[19:10:44] [main/INFO]: Updating config from 1 to 2
[19:10:44] [main/INFO]: Updating config from 2 to 3
[19:10:44] [main/INFO]: Global Executor Parallelism: 5 configured, 5 evaluated, 5 default evaluated
[19:10:44] [main/INFO]: Initializing com.ishland.c2me.client.uncapvd.mixin
[19:10:44] [main/INFO]: Initializing com.ishland.c2me.fixes.chunkio.threading_issues.mixin
[19:10:44] [main/INFO]: Initializing com.ishland.c2me.fixes.general.threading_issues.mixin
[19:10:44] [main/INFO]: Initializing com.ishland.c2me.fixes.worldgen.threading_issues.mixin
[19:10:44] [main/INFO]: Initializing com.ishland.c2me.fixes.worldgen.vanilla_bugs.mixin
[19:10:44] [main/INFO]: Initializing com.ishland.c2me.notickvd.mixin
[19:10:44] [main/INFO]: Initializing com.ishland.c2me.opts.allocs.mixin
[19:10:44] [main/INFO]: Initializing com.ishland.c2me.opts.chunkio.mixin
[19:10:44] [main/INFO]: Initializing com.ishland.c2me.opts.dfc.mixin
[19:10:44] [main/INFO]: Initializing com.ishland.c2me.opts.math.mixin
[19:10:44] [main/INFO]: Initializing com.ishland.c2me.opts.scheduling.mixin
[19:10:44] [main/INFO]: Initializing com.ishland.c2me.opts.worldgen.general.mixin
[19:10:44] [main/INFO]: Initializing com.ishland.c2me.opts.worldgen.vanilla.mixin
[19:10:44] [main/INFO]: Initializing com.ishland.c2me.rewrites.chunk_serializer.mixin
[19:10:44] [main/INFO]: Disabling com.ishland.c2me.rewrites.chunk_serializer.mixin
[19:10:44] [main/INFO]: Initializing com.ishland.c2me.rewrites.chunksystem.mixin
[19:10:44] [main/INFO]: Initializing com.ishland.c2me.rewrites.chunkio.mixin
[19:10:44] [main/INFO]: Initializing com.ishland.c2me.server.utils.mixin
[19:10:44] [main/INFO]: Initializing com.ishland.c2me.threading.lighting.mixin
[19:10:45] [main/WARN]: Error loading class: net/vulkanmod/config/option/Options (java.lang.ClassNotFoundException: net/vulkanmod/config/option/Options)
[19:10:45] [main/WARN]: Error loading class: ca/spottedleaf/starlight/common/integration/v0/ChunkSystemHooks (java.lang.ClassNotFoundException: ca/spottedleaf/starlight/common/integration/v0/ChunkSystemHooks)
[19:10:45] [main/WARN]: @Mixin target ca/spottedleaf/starlight/common/integration/v0/ChunkSystemHooks was not found c2me-rewrites-chunk-system.mixins.json:scalablelux.MixinChunkSystemHooks from mod c2me-rewrites-chunk-system
[19:10:45] [main/WARN]: Error loading class: ca/spottedleaf/starlight/common/thread/SchedulingUtil (java.lang.ClassNotFoundException: ca/spottedleaf/starlight/common/thread/SchedulingUtil)
[19:10:45] [main/INFO]: Initializing MixinExtras via com.llamalad7.mixinextras.service.MixinExtrasServiceImpl(version=0.5.4).
[19:10:47] [Datafixer Bootstrap #0/INFO]: 302 Datafixer optimizations took 265 milliseconds
[19:10:50] [Render thread/INFO]: Environment: Environment[discoveryUrl=https://discovery.minecraftservices.com/minecraft/client, name=PROD]
[19:10:50] [Render thread/INFO]: Setting user: Mouse3D
[19:10:50] [Render thread/INFO]: [STDOUT]: Starting WI Zoom v1.7-MC26.3-snapshot-10
[19:10:50] [Render thread/INFO]: [Indigo] Registering Indigo renderer!
[19:10:51] [Render thread/INFO]: Backend library: LWJGL version 3.4.2-snapshot
[19:10:51] [Render thread/INFO]: SDL [SYSTEM]: App name: Minecraft
[19:10:51] [Render thread/INFO]: SDL [SYSTEM]: App version: 26.3 Snapshot 9
[19:10:51] [Render thread/INFO]: SDL [SYSTEM]: App ID: com.mojang.minecraft
[19:10:51] [Render thread/INFO]: SDL [SYSTEM]: SDL revision: SDL-3.4.12--128-NOTFOUND
[19:10:51] [Render thread/INFO]: SDL [VIDEO]: This compositor lacks support for the fifo-v1 protocol; falling back to XWayland for GPU performance reasons (set SDL_VIDEO_DRIVER=wayland to override)
[19:10:51] [Render thread/INFO]: SDL [VIDEO]: Detected XWayland
[19:10:51] [Render thread/ERROR]: Failed to create backend OpenGL
com.mojang.renderpearl.api.device.BackendCreationException: OpenGL is not supported: Could not retrieve OpenGL functions
	at knot//com.mojang.renderpearl.backend.opengl.GlBackend.loadLibrary(GlBackend.java:36)
	at knot//net.minecraft.client.Minecraft.<init>(Minecraft.java:529)
	at knot//net.minecraft.client.main.Main.main(Main.java:278)
	at net.fabricmc.loader.impl.game.minecraft.MinecraftGameProvider.launch(MinecraftGameProvider.java:514)
	at net.fabricmc.loader.impl.launch.knot.Knot.launch(Knot.java:72)
	at net.fabricmc.loader.impl.launch.knot.KnotClient.main(KnotClient.java:23)
	at org.prismlauncher.launcher.impl.StandardLauncher.launch(StandardLauncher.java:115)
	at org.prismlauncher.EntryPoint.listen(EntryPoint.java:129)
	at org.prismlauncher.EntryPoint.main(EntryPoint.java:70)
[19:10:51] [Render thread/INFO]: Enabling optional FeatureSet [Wireframe]
[19:10:51] [Render thread/INFO]: Enabling optional FeatureSet [Calibrated Timestamps]
[19:10:51] [Render thread/INFO]: Enabling optional FeatureSet [EXT MultiDraw]
[19:10:51] [Render thread/INFO]: Optional FeatureSet [NV Diagnostic Checkpoint] supported but device condition failed and will not be enabled
[19:10:51] [Render thread/INFO]: Enabling optional FeatureSet [AMD Buffer Marker]
[19:10:51] [Render thread/INFO]: Using graphics backend Vulkan, using drivers: 1.4.341 NVIDIA 610.57.04
[19:10:51] [Render thread/INFO]: Using graphics device: NVIDIA GeForce RTX 3050 Ti Laptop GPU (NVIDIA)
[19:10:51] [Render thread/INFO]: Using graphics device extensions: VK_EXT_calibrated_timestamps (D), VK_KHR_synchronization2 (D), VK_EXT_multi_draw (D), VK_AMD_buffer_marker (D), VK_EXT_vertex_attribute_divisor (D), VK_KHR_swapchain (D), VK_KHR_surface (I), VK_KHR_push_descriptor (D), VK_KHR_xlib_surface (I), VK_EXT_debug_utils (I), VK_KHR_dynamic_rendering (D)
[19:10:52] [Render thread/INFO]: Created window using SDL video driver: x11
[19:10:52] [Render thread/INFO]: Exclusive target 1920x1080@74.91 (24bit) on monitor HDMI-A-1 21"[0x00000001](1920x1080@74.91 (24bit) at (1920,0))
[19:10:52] [Render thread/WARN]: Error reading pack metadata, attempting fallback type
com.google.gson.JsonParseException: Pack declares support for version newer than 64, but is missing mandatory fields min_format and max_format
	at knot//com.mojang.serialization.DataResult$Error.getOrThrow(DataResult.java:287)
	at knot//net.minecraft.server.packs.resources.ResourceMetadata$2.getSection(ResourceMetadata.java:40)
	at knot//net.minecraft.server.packs.AbstractPackMetadataResources.getMetadataSection(AbstractPackMetadataResources.java:26)
	at knot//net.minecraft.server.packs.repository.Pack.readPackMetadata(Pack.java:58)
	at knot//net.minecraft.server.packs.repository.Pack.readMetaAndCreate(Pack.java:43)
	at knot//net.minecraft.server.packs.repository.FolderRepositorySource.lambda$loadPacks$0(FolderRepositorySource.java:63)
	at knot//net.minecraft.server.packs.repository.FolderRepositorySource.discoverPacks(FolderRepositorySource.java:94)
	at knot//net.minecraft.server.packs.repository.FolderRepositorySource.loadPacks(FolderRepositorySource.java:59)
	at knot//net.minecraft.server.packs.repository.PackRepository.discoverAvailable(PackRepository.java:43)
	at knot//net.minecraft.server.packs.repository.PackRepository.reload(PackRepository.java:36)
	at knot//net.minecraft.client.Minecraft.<init>(Minecraft.java:606)
	at knot//net.minecraft.client.main.Main.main(Main.java:278)
	at net.fabricmc.loader.impl.game.minecraft.MinecraftGameProvider.launch(MinecraftGameProvider.java:514)
	at net.fabricmc.loader.impl.launch.knot.Knot.launch(Knot.java:72)
	at net.fabricmc.loader.impl.launch.knot.KnotClient.main(KnotClient.java:23)
	at org.prismlauncher.launcher.impl.StandardLauncher.launch(StandardLauncher.java:115)
	at org.prismlauncher.EntryPoint.listen(EntryPoint.java:129)
	at org.prismlauncher.EntryPoint.main(EntryPoint.java:70)
[19:10:52] [Render thread/WARN]: Error reading pack metadata, attempting fallback type
com.google.gson.JsonParseException: Pack declares support for version newer than 64, but is missing mandatory fields min_format and max_format
	at knot//com.mojang.serialization.DataResult$Error.getOrThrow(DataResult.java:287)
	at knot//net.minecraft.server.packs.resources.ResourceMetadata$2.getSection(ResourceMetadata.java:40)
	at knot//net.minecraft.server.packs.AbstractPackMetadataResources.getMetadataSection(AbstractPackMetadataResources.java:26)
	at knot//net.minecraft.server.packs.repository.Pack.readPackMetadata(Pack.java:58)
	at knot//net.minecraft.server.packs.repository.Pack.readMetaAndCreate(Pack.java:43)
	at knot//net.minecraft.server.packs.repository.FolderRepositorySource.lambda$loadPacks$0(FolderRepositorySource.java:63)
	at knot//net.minecraft.server.packs.repository.FolderRepositorySource.discoverPacks(FolderRepositorySource.java:94)
	at knot//net.minecraft.server.packs.repository.FolderRepositorySource.loadPacks(FolderRepositorySource.java:59)
	at knot//net.minecraft.server.packs.repository.PackRepository.discoverAvailable(PackRepository.java:43)
	at knot//net.minecraft.server.packs.repository.PackRepository.reload(PackRepository.java:36)
	at knot//net.minecraft.client.Minecraft.<init>(Minecraft.java:606)
	at knot//net.minecraft.client.main.Main.main(Main.java:278)
	at net.fabricmc.loader.impl.game.minecraft.MinecraftGameProvider.launch(MinecraftGameProvider.java:514)
	at net.fabricmc.loader.impl.launch.knot.Knot.launch(Knot.java:72)
	at net.fabricmc.loader.impl.launch.knot.KnotClient.main(KnotClient.java:23)
	at org.prismlauncher.launcher.impl.StandardLauncher.launch(StandardLauncher.java:115)
	at org.prismlauncher.EntryPoint.listen(EntryPoint.java:129)
	at org.prismlauncher.EntryPoint.main(EntryPoint.java:70)
[19:10:52] [Render thread/ERROR]: Error while loading the narrator
com.mojang.text2speech.Narrator$InitializeException: Failed to load library flite
	at knot//com.mojang.text2speech.NarratorLinux$FliteLibrary.loadNative(NarratorLinux.java:82)
	at knot//com.mojang.text2speech.NarratorLinux.<init>(NarratorLinux.java:19)
	at knot//com.mojang.text2speech.Narrator.getNarrator(Narrator.java:41)
	at knot//net.minecraft.client.GameNarrator.<init>(GameNarrator.java:20)
	at knot//net.minecraft.client.Minecraft.<init>(Minecraft.java:739)
	at knot//net.minecraft.client.main.Main.main(Main.java:278)
	at net.fabricmc.loader.impl.game.minecraft.MinecraftGameProvider.launch(MinecraftGameProvider.java:514)
	at net.fabricmc.loader.impl.launch.knot.Knot.launch(Knot.java:72)
	at net.fabricmc.loader.impl.launch.knot.KnotClient.main(KnotClient.java:23)
	at org.prismlauncher.launcher.impl.StandardLauncher.launch(StandardLauncher.java:115)
	at org.prismlauncher.EntryPoint.listen(EntryPoint.java:129)
	at org.prismlauncher.EntryPoint.main(EntryPoint.java:70)
Caused by: java.lang.UnsatisfiedLinkError: Unable to load library 'flite':
libflite.so: cannot open shared object file: No such file or directory
libflite.so: cannot open shared object file: No such file or directory
Native library (linux-x86-64/libflite.so) not found in resource path (/usr/share/PrismLauncher/NewLaunch.jar:/home/helminth/.local/share/PrismLauncher/libraries/org/lwjgl/lwjgl-freetype-natives-linux/3.4.2/lwjgl-freetype-natives-linux-3.4.2.jar:/home/helminth/.local/share/PrismLauncher/libraries/org/lwjgl/lwjgl-freetype/3.4.2/lwjgl-freetype-3.4.2.jar:/home/helminth/.local/share/PrismLauncher/libraries/org/lwjgl/lwjgl-jemalloc-natives-linux/3.4.2/lwjgl-jemalloc-natives-linux-3.4.2.jar:/home/helminth/.local/share/PrismLauncher/libraries/org/lwjgl/lwjgl-jemalloc/3.4.2/lwjgl-jemalloc-3.4.2.jar:/home/helminth/.local/share/PrismLauncher/libraries/org/lwjgl/lwjgl-natives-linux/3.4.2/lwjgl-natives-linux-3.4.2.jar:/home/helminth/.local/share/PrismLauncher/libraries/org/lwjgl/lwjgl-openal-natives-linux/3.4.2/lwjgl-openal-natives-linux-3.4.2.jar:/home/helminth/.local/share/PrismLauncher/libraries/org/lwjgl/lwjgl-openal/3.4.2/lwjgl-openal-3.4.2.jar:/home/helminth/.local/share/PrismLauncher/libraries/org/lwjgl/lwjgl-opengl-natives-linux/3.4.2/lwjgl-opengl-natives-linux-3.4.2.jar:/home/helminth/.local/share/PrismLauncher/libraries/org/lwjgl/lwjgl-opengl/3.4.2/lwjgl-opengl-3.4.2.jar:/home/helminth/.local/share/PrismLauncher/libraries/org/lwjgl/lwjgl-sdl-natives-linux/3.4.2/lwjgl-sdl-natives-linux-3.4.2.jar:/home/helminth/.local/share/PrismLauncher/libraries/org/lwjgl/lwjgl-sdl/3.4.2/lwjgl-sdl-3.4.2.jar:/home/helminth/.local/share/PrismLauncher/libraries/org/lwjgl/lwjgl-shaderc-natives-linux/3.4.2/lwjgl-shaderc-natives-linux-3.4.2.jar:/home/helminth/.local/share/PrismLauncher/libraries/org/lwjgl/lwjgl-shaderc/3.4.2/lwjgl-shaderc-3.4.2.jar:/home/helminth/.local/share/PrismLauncher/libraries/org/lwjgl/lwjgl-spvc-natives-linux/3.4.2/lwjgl-spvc-natives-linux-3.4.2.jar:/home/helminth/.local/share/PrismLauncher/libraries/org/lwjgl/lwjgl-spvc/3.4.2/lwjgl-spvc-3.4.2.jar:/home/helminth/.local/share/PrismLauncher/libraries/org/lwjgl/lwjgl-stb-natives-linux/3.4.2/lwjgl-stb-natives-linux-3.4.2.jar:/home/helminth/.local/share/PrismLauncher/libraries/org/lwjgl/lwjgl-stb/3.4.2/lwjgl-stb-3.4.2.jar:/home/helminth/.local/share/PrismLauncher/libraries/org/lwjgl/lwjgl-tinyfd-natives-linux/3.4.2/lwjgl-tinyfd-natives-linux-3.4.2.jar:/home/helminth/.local/share/PrismLauncher/libraries/org/lwjgl/lwjgl-tinyfd/3.4.2/lwjgl-tinyfd-3.4.2.jar:/home/helminth/.local/share/PrismLauncher/libraries/org/lwjgl/lwjgl-vma-natives-linux/3.4.2/lwjgl-vma-natives-linux-3.4.2.jar:/home/helminth/.local/share/PrismLauncher/libraries/org/lwjgl/lwjgl-vma/3.4.2/lwjgl-vma-3.4.2.jar:/home/helminth/.local/share/PrismLauncher/libraries/org/lwjgl/lwjgl-vulkan/3.4.2/lwjgl-vulkan-3.4.2.jar:/home/helminth/.local/share/PrismLauncher/libraries/org/lwjgl/lwjgl/3.4.2/lwjgl-3.4.2.jar:/home/helminth/.local/share/PrismLauncher/libraries/at/yawk/lz4/lz4-java/1.10.1/lz4-java-1.10.1.jar:/home/helminth/.local/share/PrismLauncher/libraries/com/azure/azure-json/1.4.0/azure-json-1.4.0.jar:/home/helminth/.local/share/PrismLauncher/libraries/com/github/oshi/oshi-core/6.9.0/oshi-core-6.9.0.jar:/home/helminth/.local/share/PrismLauncher/libraries/com/google/code/gson/gson/2.14.0/gson-2.14.0.jar:/home/helminth/.local/share/PrismLauncher/libraries/com/google/guava/failureaccess/1.0.3/failureaccess-1.0.3.jar:/home/helminth/.local/share/PrismLauncher/libraries/com/google/guava/guava/33.6.0-jre/guava-33.6.0-jre.jar:/home/helminth/.local/share/PrismLauncher/libraries/com/ibm/icu/icu4j/78.3/icu4j-78.3.jar:/home/helminth/.local/share/PrismLauncher/libraries/com/microsoft/azure/msal4j/1.24.1/msal4j-1.24.1.jar:/home/helminth/.local/share/PrismLauncher/libraries/com/mojang/authlib/10.0.77/authlib-10.0.77.jar:/home/helminth/.local/share/PrismLauncher/libraries/com/mojang/blocklist/1.0.10/blocklist-1.0.10.jar:/home/helminth/.local/share/PrismLauncher/libraries/com/mojang/brigadier/1.3.11/brigadier-1.3.11.jar:/home/helminth/.local/share/PrismLauncher/libraries/com/mojang/datafixerupper/10.0.21/datafixerupper-10.0.21.jar:/home/helminth/.local/share/PrismLauncher/libraries/com/mojang/jtracy/1.14.38/jtracy-1.14.38.jar:/home/helminth/.local/share/PrismLauncher/libraries/com/mojang/jtracy-natives-linux/1.14.38/jtracy-natives-linux-1.14.38.jar:/home/helminth/.local/share/PrismLauncher/libraries/com/mojang/logging/1.7.12/logging-1.7.12.jar:/home/helminth/.local/share/PrismLauncher/libraries/com/mojang/patchy/2.2.10/patchy-2.2.10.jar:/home/helminth/.local/share/PrismLauncher/libraries/com/mojang/text2speech/1.19.12/text2speech-1.19.12.jar:/home/helminth/.local/share/PrismLauncher/libraries/commons-codec/commons-codec/1.22.0/commons-codec-1.22.0.jar:/home/helminth/.local/share/PrismLauncher/libraries/commons-io/commons-io/2.20.0/commons-io-2.20.0.jar:/home/helminth/.local/share/PrismLauncher/libraries/io/netty/netty-buffer/4.2.16.Final/netty-buffer-4.2.16.Final.jar:/home/helminth/.local/share/PrismLauncher/libraries/io/netty/netty-codec-base/4.2.16.Final/netty-codec-base-4.2.16.Final.jar:/home/helminth/.local/share/PrismLauncher/libraries/io/netty/netty-codec-compression/4.2.16.Final/netty-codec-compression-4.2.16.Final.jar:/home/helminth/.local/share/PrismLauncher/libraries/io/netty/netty-codec-http/4.2.16.Final/netty-codec-http-4.2.16.Final.jar:/home/helminth/.local/share/PrismLauncher/libraries/io/netty/netty-common/4.2.16.Final/netty-common-4.2.16.Final.jar:/home/helminth/.local/share/PrismLauncher/libraries/io/netty/netty-handler/4.2.16.Final/netty-handler-4.2.16.Final.jar:/home/helminth/.local/share/PrismLauncher/libraries/io/netty/netty-resolver/4.2.16.Final/netty-resolver-4.2.16.Final.jar:/home/helminth/.local/share/PrismLauncher/libraries/io/netty/netty-transport-classes-epoll/4.2.16.Final/netty-transport-classes-epoll-4.2.16.Final.jar:/home/helminth/.local/share/PrismLauncher/libraries/io/netty/netty-transport-classes-kqueue/4.2.16.Final/netty-transport-classes-kqueue-4.2.16.Final.jar:/home/helminth/.local/share/PrismLauncher/libraries/io/netty/netty-transport-native-epoll/4.2.16.Final/netty-transport-native-epoll-4.2.16.Final-linux-aarch_64.jar:/home/helminth/.local/share/PrismLauncher/libraries/io/netty/netty-transport-native-epoll/4.2.16.Final/netty-transport-native-epoll-4.2.16.Final-linux-x86_64.jar:/home/helminth/.local/share/PrismLauncher/libraries/io/netty/netty-transport-native-unix-common/4.2.16.Final/netty-transport-native-unix-common-4.2.16.Final.jar:/home/helminth/.local/share/PrismLauncher/libraries/io/netty/netty-transport/4.2.16.Final/netty-transport-4.2.16.Final.jar:/home/helminth/.local/share/PrismLauncher/libraries/it/unimi/dsi/fastutil/8.5.18/fastutil-8.5.18.jar:/home/helminth/.local/share/PrismLauncher/libraries/net/java/dev/jna/jna-platform/5.17.0/jna-platform-5.17.0.jar:/home/helminth/.local/share/PrismLauncher/libraries/net/java/dev/jna/jna/5.17.0/jna-5.17.0.jar:/home/helminth/.local/share/PrismLauncher/libraries/net/sf/jopt-simple/jopt-simple/5.0.4/jopt-simple-5.0.4.jar:/home/helminth/.local/share/PrismLauncher/libraries/org/apache/commons/commons-compress/1.28.0/commons-compress-1.28.0.jar:/home/helminth/.local/share/PrismLauncher/libraries/org/apache/commons/commons-lang3/3.20.0/commons-lang3-3.20.0.jar:/home/helminth/.local/share/PrismLauncher/libraries/org/apache/logging/log4j/log4j-api/2.26.0/log4j-api-2.26.0.jar:/home/helminth/.local/share/PrismLauncher/libraries/org/apache/logging/log4j/log4j-core/2.26.0/log4j-core-2.26.0.jar:/home/helminth/.local/share/PrismLauncher/libraries/org/apache/logging/log4j/log4j-slf4j2-impl/2.26.0/log4j-slf4j2-impl-2.26.0.jar:/home/helminth/.local/share/PrismLauncher/libraries/org/jcraft/jorbis/0.0.17/jorbis-0.0.17.jar:/home/helminth/.local/share/PrismLauncher/libraries/org/joml/joml/1.10.9/joml-1.10.9.jar:/home/helminth/.local/share/PrismLauncher/libraries/org/jspecify/jspecify/1.0.0/jspecify-1.0.0.jar:/home/helminth/.local/share/PrismLauncher/libraries/org/slf4j/slf4j-api/2.0.17/slf4j-api-2.0.17.jar:/home/helminth/.local/share/PrismLauncher/libraries/net/fabricmc/intermediary/26.3-snapshot-9/intermediary-26.3-snapshot-9.jar:/home/helminth/.local/share/PrismLauncher/libraries/org/ow2/asm/asm/9.10.1/asm-9.10.1.jar:/home/helminth/.local/share/PrismLauncher/libraries/org/ow2/asm/asm-analysis/9.10.1/asm-analysis-9.10.1.jar:/home/helminth/.local/share/PrismLauncher/libraries/org/ow2/asm/asm-commons/9.10.1/asm-commons-9.10.1.jar:/home/helminth/.local/share/PrismLauncher/libraries/org/ow2/asm/asm-tree/9.10.1/asm-tree-9.10.1.jar:/home/helminth/.local/share/PrismLauncher/libraries/org/ow2/asm/asm-util/9.10.1/asm-util-9.10.1.jar:/home/helminth/.local/share/PrismLauncher/libraries/net/fabricmc/sponge-mixin/0.17.3+mixin.0.8.7/sponge-mixin-0.17.3+mixin.0.8.7.jar:/home/helminth/.local/share/PrismLauncher/libraries/net/fabricmc/fabric-loader/0.19.3/fabric-loader-0.19.3.jar:/home/helminth/.local/share/PrismLauncher/libraries/com/mojang/minecraft/26.3-snapshot-9/minecraft-26.3-snapshot-9-client.jar)
	at knot//com.sun.jna.NativeLibrary.loadLibrary(NativeLibrary.java:325)
	at knot//com.sun.jna.NativeLibrary.getInstance(NativeLibrary.java:481)
	at knot//com.sun.jna.NativeLibrary.getInstance(NativeLibrary.java:423)
	at knot//com.mojang.text2speech.NarratorLinux$FliteLibrary.loadNative(NarratorLinux.java:80)
	... 11 more
	Suppressed: java.lang.UnsatisfiedLinkError: libflite.so: cannot open shared object file: No such file or directory
		at knot//com.sun.jna.Native.open(Native Method)
		at knot//com.sun.jna.NativeLibrary.loadLibrary(NativeLibrary.java:213)
		... 14 more
	Suppressed: java.lang.UnsatisfiedLinkError: libflite.so: cannot open shared object file: No such file or directory
		at knot//com.sun.jna.Native.open(Native Method)
		at knot//com.sun.jna.NativeLibrary.loadLibrary(NativeLibrary.java:226)
		... 14 more
	Suppressed: java.io.IOException: Native library (linux-x86-64/libflite.so) not found in resource path (/usr/share/PrismLauncher/NewLaunch.jar:/home/helminth/.local/share/PrismLauncher/libraries/org/lwjgl/lwjgl-freetype-natives-linux/3.4.2/lwjgl-freetype-natives-linux-3.4.2.jar:/home/helminth/.local/share/PrismLauncher/libraries/org/lwjgl/lwjgl-freetype/3.4.2/lwjgl-freetype-3.4.2.jar:/home/helminth/.local/share/PrismLauncher/libraries/org/lwjgl/lwjgl-jemalloc-natives-linux/3.4.2/lwjgl-jemalloc-natives-linux-3.4.2.jar:/home/helminth/.local/share/PrismLauncher/libraries/org/lwjgl/lwjgl-jemalloc/3.4.2/lwjgl-jemalloc-3.4.2.jar:/home/helminth/.local/share/PrismLauncher/libraries/org/lwjgl/lwjgl-natives-linux/3.4.2/lwjgl-natives-linux-3.4.2.jar:/home/helminth/.local/share/PrismLauncher/libraries/org/lwjgl/lwjgl-openal-natives-linux/3.4.2/lwjgl-openal-natives-linux-3.4.2.jar:/home/helminth/.local/share/PrismLauncher/libraries/org/lwjgl/lwjgl-openal/3.4.2/lwjgl-openal-3.4.2.jar:/home/helminth/.local/share/PrismLauncher/libraries/org/lwjgl/lwjgl-opengl-natives-linux/3.4.2/lwjgl-opengl-natives-linux-3.4.2.jar:/home/helminth/.local/share/PrismLauncher/libraries/org/lwjgl/lwjgl-opengl/3.4.2/lwjgl-opengl-3.4.2.jar:/home/helminth/.local/share/PrismLauncher/libraries/org/lwjgl/lwjgl-sdl-natives-linux/3.4.2/lwjgl-sdl-natives-linux-3.4.2.jar:/home/helminth/.local/share/PrismLauncher/libraries/org/lwjgl/lwjgl-sdl/3.4.2/lwjgl-sdl-3.4.2.jar:/home/helminth/.local/share/PrismLauncher/libraries/org/lwjgl/lwjgl-shaderc-natives-linux/3.4.2/lwjgl-shaderc-natives-linux-3.4.2.jar:/home/helminth/.local/share/PrismLauncher/libraries/org/lwjgl/lwjgl-shaderc/3.4.2/lwjgl-shaderc-3.4.2.jar:/home/helminth/.local/share/PrismLauncher/libraries/org/lwjgl/lwjgl-spvc-natives-linux/3.4.2/lwjgl-spvc-natives-linux-3.4.2.jar:/home/helminth/.local/share/PrismLauncher/libraries/org/lwjgl/lwjgl-spvc/3.4.2/lwjgl-spvc-3.4.2.jar:/home/helminth/.local/share/PrismLauncher/libraries/org/lwjgl/lwjgl-stb-natives-linux/3.4.2/lwjgl-stb-natives-linux-3.4.2.jar:/home/helminth/.local/share/PrismLauncher/libraries/org/lwjgl/lwjgl-stb/3.4.2/lwjgl-stb-3.4.2.jar:/home/helminth/.local/share/PrismLauncher/libraries/org/lwjgl/lwjgl-tinyfd-natives-linux/3.4.2/lwjgl-tinyfd-natives-linux-3.4.2.jar:/home/helminth/.local/share/PrismLauncher/libraries/org/lwjgl/lwjgl-tinyfd/3.4.2/lwjgl-tinyfd-3.4.2.jar:/home/helminth/.local/share/PrismLauncher/libraries/org/lwjgl/lwjgl-vma-natives-linux/3.4.2/lwjgl-vma-natives-linux-3.4.2.jar:/home/helminth/.local/share/PrismLauncher/libraries/org/lwjgl/lwjgl-vma/3.4.2/lwjgl-vma-3.4.2.jar:/home/helminth/.local/share/PrismLauncher/libraries/org/lwjgl/lwjgl-vulkan/3.4.2/lwjgl-vulkan-3.4.2.jar:/home/helminth/.local/share/PrismLauncher/libraries/org/lwjgl/lwjgl/3.4.2/lwjgl-3.4.2.jar:/home/helminth/.local/share/PrismLauncher/libraries/at/yawk/lz4/lz4-java/1.10.1/lz4-java-1.10.1.jar:/home/helminth/.local/share/PrismLauncher/libraries/com/azure/azure-json/1.4.0/azure-json-1.4.0.jar:/home/helminth/.local/share/PrismLauncher/libraries/com/github/oshi/oshi-core/6.9.0/oshi-core-6.9.0.jar:/home/helminth/.local/share/PrismLauncher/libraries/com/google/code/gson/gson/2.14.0/gson-2.14.0.jar:/home/helminth/.local/share/PrismLauncher/libraries/com/google/guava/failureaccess/1.0.3/failureaccess-1.0.3.jar:/home/helminth/.local/share/PrismLauncher/libraries/com/google/guava/guava/33.6.0-jre/guava-33.6.0-jre.jar:/home/helminth/.local/share/PrismLauncher/libraries/com/ibm/icu/icu4j/78.3/icu4j-78.3.jar:/home/helminth/.local/share/PrismLauncher/libraries/com/microsoft/azure/msal4j/1.24.1/msal4j-1.24.1.jar:/home/helminth/.local/share/PrismLauncher/libraries/com/mojang/authlib/10.0.77/authlib-10.0.77.jar:/home/helminth/.local/share/PrismLauncher/libraries/com/mojang/blocklist/1.0.10/blocklist-1.0.10.jar:/home/helminth/.local/share/PrismLauncher/libraries/com/mojang/brigadier/1.3.11/brigadier-1.3.11.jar:/home/helminth/.local/share/PrismLauncher/libraries/com/mojang/datafixerupper/10.0.21/datafixerupper-10.0.21.jar:/home/helminth/.local/share/PrismLauncher/libraries/com/mojang/jtracy/1.14.38/jtracy-1.14.38.jar:/home/helminth/.local/share/PrismLauncher/libraries/com/mojang/jtracy-natives-linux/1.14.38/jtracy-natives-linux-1.14.38.jar:/home/helminth/.local/share/PrismLauncher/libraries/com/mojang/logging/1.7.12/logging-1.7.12.jar:/home/helminth/.local/share/PrismLauncher/libraries/com/mojang/patchy/2.2.10/patchy-2.2.10.jar:/home/helminth/.local/share/PrismLauncher/libraries/com/mojang/text2speech/1.19.12/text2speech-1.19.12.jar:/home/helminth/.local/share/PrismLauncher/libraries/commons-codec/commons-codec/1.22.0/commons-codec-1.22.0.jar:/home/helminth/.local/share/PrismLauncher/libraries/commons-io/commons-io/2.20.0/commons-io-2.20.0.jar:/home/helminth/.local/share/PrismLauncher/libraries/io/netty/netty-buffer/4.2.16.Final/netty-buffer-4.2.16.Final.jar:/home/helminth/.local/share/PrismLauncher/libraries/io/netty/netty-codec-base/4.2.16.Final/netty-codec-base-4.2.16.Final.jar:/home/helminth/.local/share/PrismLauncher/libraries/io/netty/netty-codec-compression/4.2.16.Final/netty-codec-compression-4.2.16.Final.jar:/home/helminth/.local/share/PrismLauncher/libraries/io/netty/netty-codec-http/4.2.16.Final/netty-codec-http-4.2.16.Final.jar:/home/helminth/.local/share/PrismLauncher/libraries/io/netty/netty-common/4.2.16.Final/netty-common-4.2.16.Final.jar:/home/helminth/.local/share/PrismLauncher/libraries/io/netty/netty-handler/4.2.16.Final/netty-handler-4.2.16.Final.jar:/home/helminth/.local/share/PrismLauncher/libraries/io/netty/netty-resolver/4.2.16.Final/netty-resolver-4.2.16.Final.jar:/home/helminth/.local/share/PrismLauncher/libraries/io/netty/netty-transport-classes-epoll/4.2.16.Final/netty-transport-classes-epoll-4.2.16.Final.jar:/home/helminth/.local/share/PrismLauncher/libraries/io/netty/netty-transport-classes-kqueue/4.2.16.Final/netty-transport-classes-kqueue-4.2.16.Final.jar:/home/helminth/.local/share/PrismLauncher/libraries/io/netty/netty-transport-native-epoll/4.2.16.Final/netty-transport-native-epoll-4.2.16.Final-linux-aarch_64.jar:/home/helminth/.local/share/PrismLauncher/libraries/io/netty/netty-transport-native-epoll/4.2.16.Final/netty-transport-native-epoll-4.2.16.Final-linux-x86_64.jar:/home/helminth/.local/share/PrismLauncher/libraries/io/netty/netty-transport-native-unix-common/4.2.16.Final/netty-transport-native-unix-common-4.2.16.Final.jar:/home/helminth/.local/share/PrismLauncher/libraries/io/netty/netty-transport/4.2.16.Final/netty-transport-4.2.16.Final.jar:/home/helminth/.local/share/PrismLauncher/libraries/it/unimi/dsi/fastutil/8.5.18/fastutil-8.5.18.jar:/home/helminth/.local/share/PrismLauncher/libraries/net/java/dev/jna/jna-platform/5.17.0/jna-platform-5.17.0.jar:/home/helminth/.local/share/PrismLauncher/libraries/net/java/dev/jna/jna/5.17.0/jna-5.17.0.jar:/home/helminth/.local/share/PrismLauncher/libraries/net/sf/jopt-simple/jopt-simple/5.0.4/jopt-simple-5.0.4.jar:/home/helminth/.local/share/PrismLauncher/libraries/org/apache/commons/commons-compress/1.28.0/commons-compress-1.28.0.jar:/home/helminth/.local/share/PrismLauncher/libraries/org/apache/commons/commons-lang3/3.20.0/commons-lang3-3.20.0.jar:/home/helminth/.local/share/PrismLauncher/libraries/org/apache/logging/log4j/log4j-api/2.26.0/log4j-api-2.26.0.jar:/home/helminth/.local/share/PrismLauncher/libraries/org/apache/logging/log4j/log4j-core/2.26.0/log4j-core-2.26.0.jar:/home/helminth/.local/share/PrismLauncher/libraries/org/apache/logging/log4j/log4j-slf4j2-impl/2.26.0/log4j-slf4j2-impl-2.26.0.jar:/home/helminth/.local/share/PrismLauncher/libraries/org/jcraft/jorbis/0.0.17/jorbis-0.0.17.jar:/home/helminth/.local/share/PrismLauncher/libraries/org/joml/joml/1.10.9/joml-1.10.9.jar:/home/helminth/.local/share/PrismLauncher/libraries/org/jspecify/jspecify/1.0.0/jspecify-1.0.0.jar:/home/helminth/.local/share/PrismLauncher/libraries/org/slf4j/slf4j-api/2.0.17/slf4j-api-2.0.17.jar:/home/helminth/.local/share/PrismLauncher/libraries/net/fabricmc/intermediary/26.3-snapshot-9/intermediary-26.3-snapshot-9.jar:/home/helminth/.local/share/PrismLauncher/libraries/org/ow2/asm/asm/9.10.1/asm-9.10.1.jar:/home/helminth/.local/share/PrismLauncher/libraries/org/ow2/asm/asm-analysis/9.10.1/asm-analysis-9.10.1.jar:/home/helminth/.local/share/PrismLauncher/libraries/org/ow2/asm/asm-commons/9.10.1/asm-commons-9.10.1.jar:/home/helminth/.local/share/PrismLauncher/libraries/org/ow2/asm/asm-tree/9.10.1/asm-tree-9.10.1.jar:/home/helminth/.local/share/PrismLauncher/libraries/org/ow2/asm/asm-util/9.10.1/asm-util-9.10.1.jar:/home/helminth/.local/share/PrismLauncher/libraries/net/fabricmc/sponge-mixin/0.17.3+mixin.0.8.7/sponge-mixin-0.17.3+mixin.0.8.7.jar:/home/helminth/.local/share/PrismLauncher/libraries/net/fabricmc/fabric-loader/0.19.3/fabric-loader-0.19.3.jar:/home/helminth/.local/share/PrismLauncher/libraries/com/mojang/minecraft/26.3-snapshot-9/minecraft-26.3-snapshot-9-client.jar)
		at knot//com.sun.jna.Native.extractFromResourcePath(Native.java:1141)
		at knot//com.sun.jna.NativeLibrary.loadLibrary(NativeLibrary.java:297)
		... 14 more
[19:10:52] [Render thread/INFO]: Reloading ResourceManager: vanilla, vanilla, c2me, cape-provider, fabric-api, fabric-api-base, fabric-api-lookup-api-v1, fabric-biome-api-v1, fabric-block-api-v1, fabric-block-getter-api-v2, fabric-command-api-v2, fabric-content-registries-v0, fabric-convention-tags-v2, fabric-crash-report-info-v1, fabric-creative-tab-api-v1, fabric-data-attachment-api-v1, fabric-data-generation-api-v1, fabric-debug-api-v1, fabric-dimensions-v1, fabric-entity-events-v1, fabric-events-interaction-v0, fabric-game-rule-api-v1, fabric-item-api-v1, fabric-key-mapping-api-v1, fabric-lifecycle-events-v1, fabric-loot-api-v3, fabric-menu-api-v1, fabric-message-api-v1, fabric-model-loading-api-v1, fabric-networking-api-v1, fabric-object-builder-api-v1, fabric-particles-v1, fabric-permission-api-v1, fabric-ph, fabric-recipe-api-v1, fabric-registry-sync-v0, fabric-renderer-api-v1, fabric-renderer-indigo, fabric-rendering-fluids-v1, fabric-rendering-v1, fabric-resource-conditions-api-v1, fabric-resource-loader-v0, fabric-resource-loader-v1, fabric-screen-api-v1, fabric-serialization-api-v1, fabric-sound-api-v1, fabric-tag-api-v1, fabric-transfer-api-v1, fabric-transitive-access-wideners-v1, fabricloader, wi_zoom, file/KonciPET UI 2.2.1.zip, file/§8gray §6lava §f§l[32x] §f- §e1.21+§0.zip, file/cubic-sun-moon-v1.8.5.zip, file/1.18 Panorama.zip
[19:10:52] [Worker-Main-15/INFO]: Found unifont_all_no_pua-17.0.01.hex, loading
[19:10:52] [Worker-Main-4/INFO]: Found unifont_pua-17.0.01.hex, loading
[19:10:52] [Worker-Main-7/INFO]: Found unifont_jp_patch-17.0.01.hex, loading
[19:10:54] [Render thread/INFO]: OpenAL initialized on device Ryzen HD Audio Controller Analog Stereo
[19:10:54] [Render thread/INFO]: Sound engine started
[19:10:54] [Render thread/INFO]: Created: 512x256x0 minecraft:textures/atlas/particles.png-atlas
[19:10:54] [Render thread/INFO]: Created: 16384x8192x0 minecraft:textures/atlas/celestials.png-atlas
[19:10:54] [Render thread/INFO]: Created: 128x128x0 minecraft:textures/atlas/decorated_pot.png-atlas
[19:10:54] [Render thread/INFO]: Created: 512x512x0 minecraft:textures/atlas/paintings.png-atlas
[19:10:54] [Render thread/INFO]: Created: 1024x512x0 minecraft:textures/atlas/shield_patterns.png-atlas
[19:10:54] [Render thread/INFO]: Created: 1024x512x0 minecraft:textures/atlas/banner_patterns.png-atlas
[19:10:54] [Render thread/INFO]: Created: 2048x2048x4 minecraft:textures/atlas/blocks.png-atlas
[19:10:54] [Render thread/INFO]: Created: 1024x512x0 minecraft:textures/atlas/items.png-atlas
[19:10:54] [Render thread/INFO]: Created: 1024x1024x0 minecraft:textures/atlas/gui.png-atlas
[19:10:54] [Render thread/INFO]: Created: 128x64x0 minecraft:textures/atlas/map_decorations.png-atlas
[19:10:54] [Render thread/INFO]: Created: 512x512x0 minecraft:textures/atlas/chest.png-atlas
[19:10:54] [Render thread/INFO]: Created: 512x512x0 minecraft:textures/atlas/shulker_boxes.png-atlas
[19:10:57] [Render thread/INFO]: Found new data pack fabric-convention-tags-v2, loading it automatically
[19:10:58] [Worker-Main-6/INFO]: Loaded 1866 advancements
[19:10:58] [Render thread/INFO]: Applied 0 biome modifications to 0 of 67 new biomes in 959.5 μs
[19:10:58] [Server thread/INFO]: Starting integrated minecraft server version 26.3 Snapshot 9
[19:10:58] [Server thread/INFO]: Generating keypair
[19:10:58] [Server thread/INFO]: Enforcing safe world random access
[19:10:58] [Server thread/WARN]: warn_once: Generating DelegateNode for type: class net.minecraft.world.level.levelgen.synth.BlendedNoise$1
[19:10:59] [Server thread/INFO]: [STDOUT]: Density function compilation finished in 186.8 ms
[19:10:59] [Server thread/INFO]: Using TheSpeedyObjectFactory without Unsafe
[19:10:59] [Server thread/INFO]: [STDOUT]: Density function compilation finished in 19.07 ms
[19:10:59] [Server thread/INFO]: [STDOUT]: Density function compilation finished in 12.93 ms
[19:10:59] [Server thread/INFO]: Loading 0 persistent chunks...
[19:10:59] [Server thread/INFO]: Preparing spawn area: 16%
[19:10:59] [Server thread/INFO]: Saving chunks for level 'ServerLevel[New World]'/minecraft:overworld
[19:10:59] [Server thread/INFO]: Saving chunks for level 'ServerLevel[New World]'/minecraft:the_end
[19:10:59] [Server thread/INFO]: Saving chunks for level 'ServerLevel[New World]'/minecraft:the_nether
[19:10:59] [Server thread/INFO]: Loading 0 chunks for player spawn...
[19:10:59] [Server thread/INFO]: Preparing spawn area: 16%
[19:11:00] [Server thread/INFO]: Time elapsed: 830 ms
[19:11:00] [Render thread/INFO]: Joined server with c2me:ext_render_distance_v1 support
[19:11:00] [Server thread/INFO]: Mouse3D[local:E:48be34d9] logged in with entity id 101 at (544.2579908672789, 63.0, -3654.904477869123)
[19:11:00] [Server thread/INFO]: System chat: Mouse3D joined the game
[19:11:00] [Render thread/INFO]: Joined server with c2me:ext_render_distance_v1 support
[19:11:00] [Render thread/INFO]: Changing view distance to 12 (play stage)
[19:11:00] [Server thread/INFO]: Changing view distance to 12, from 10
[19:11:00] [Server thread/INFO]: Changing simulation distance to 12, from 0
[19:11:00] [Render thread/WARN]: Requested post effect does not exist: minecraft:end_of_frame
[19:11:00] [Render thread/INFO]: Resizing Dynamic Transforms UBO, capacity limit of 2 reached during a single frame. New capacity will be 4.
[19:11:00] [Render thread/INFO]: Loaded 2 advancements
[19:11:01] [Render thread/INFO]: Resizing Dynamic Transforms UBO, capacity limit of 4 reached during a single frame. New capacity will be 8.
[19:11:01] [Render thread/INFO]: Resizing Chunk Sections Command Buffer, capacity limit of 2 reached during a single frame. New capacity will be 16.
[19:11:01] [Render thread/INFO]: Resizing Chunk Sections Instanced, capacity limit of 2 reached during a single frame. New capacity will be 8.
[19:11:01] [Render thread/INFO]: Resizing Chunk Sections Command Buffer, capacity limit of 16 reached during a single frame. New capacity will be 32.
[19:11:01] [Render thread/INFO]: Resizing Chunk Sections Instanced, capacity limit of 8 reached during a single frame. New capacity will be 16.
[19:11:01] [Render thread/INFO]: Resizing Chunk Sections Command Buffer, capacity limit of 32 reached during a single frame. New capacity will be 128.
[19:11:01] [Render thread/INFO]: Resizing Chunk Sections Instanced, capacity limit of 16 reached during a single frame. New capacity will be 32.
[19:11:01] [Render thread/INFO]: Resizing Chunk Sections Instanced, capacity limit of 32 reached during a single frame. New capacity will be 64.
[19:11:01] [Render thread/INFO]: Resizing Dynamic Transforms UBO, capacity limit of 8 reached during a single frame. New capacity will be 16.
[19:11:01] [Render thread/INFO]: Resizing Chunk Sections Command Buffer, capacity limit of 128 reached during a single frame. New capacity will be 256.
[19:11:01] [Render thread/INFO]: Resizing Chunk Sections Instanced, capacity limit of 64 reached during a single frame. New capacity will be 128.
[19:11:02] [Render thread/INFO]: Resizing Chunk Sections Command Buffer, capacity limit of 256 reached during a single frame. New capacity will be 512.
[19:11:02] [Render thread/INFO]: Resizing Chunk Sections Instanced, capacity limit of 128 reached during a single frame. New capacity will be 256.
[19:11:02] [Render thread/INFO]: Resizing Chunk Sections Command Buffer, capacity limit of 512 reached during a single frame. New capacity will be 1024.
[19:11:02] [Render thread/INFO]: Resizing Chunk Sections Instanced, capacity limit of 256 reached during a single frame. New capacity will be 512.
[19:11:02] [Server thread/INFO]: Saving and pausing game...
[19:11:02] [Server thread/INFO]: Saving chunks for level 'ServerLevel[New World]'/minecraft:overworld
[19:11:03] [Server thread/INFO]: Saving chunks for level 'ServerLevel[New World]'/minecraft:the_end
[19:11:03] [Server thread/INFO]: Saving chunks for level 'ServerLevel[New World]'/minecraft:the_nether
[19:11:04] [Render thread/INFO]: Changing view distance to 12 (play stage)
[19:11:05] [Render thread/INFO]: Changing view distance to 12 (play stage)
[19:11:13] [Render thread/INFO]: Changing view distance to 12 (play stage)
[19:11:14] [Render thread/INFO]: Changing view distance to 12 (play stage)
[19:11:15] [Render thread/INFO]: Changing view distance to 12 (play stage)
[19:11:16] [Render thread/INFO]: Changing view distance to 12 (play stage)
[19:11:16] [Render thread/INFO]: Changing view distance to 12 (play stage)
[19:11:17] [Render thread/INFO]: Resizing Chunk Sections Instanced, capacity limit of 512 reached during a single frame. New capacity will be 1024.
[19:11:17] [Render thread/INFO]: Resizing Chunk Sections Command Buffer, capacity limit of 1024 reached during a single frame. New capacity will be 2048.
[19:11:19] [Server thread/INFO]: Saving and pausing game...
[19:11:19] [Server thread/INFO]: Saving chunks for level 'ServerLevel[New World]'/minecraft:overworld
[19:11:19] [Server thread/INFO]: Saving chunks for level 'ServerLevel[New World]'/minecraft:the_end
[19:11:19] [Server thread/INFO]: Saving chunks for level 'ServerLevel[New World]'/minecraft:the_nether
[19:11:20] [Render thread/INFO]: Changing view distance to 12 (play stage)
[19:11:21] [Render thread/INFO]: Changing view distance to 12 (play stage)
[19:11:27] [Render thread/INFO]: Changing view distance to 12 (play stage)
[19:11:27] [Render thread/INFO]: Changing view distance to 12 (play stage)
[19:11:27] [Render thread/INFO]: Changing view distance to 12 (play stage)
[19:12:23] [Render thread/INFO]: Loaded 4 advancements
[19:12:37] [Render thread/INFO]: Loaded 7 advancements
[19:12:52] [Server thread/INFO]: System chat: Mouse3D has completed the challenge [Adventuring Time]
[19:12:52] [Server thread/INFO]: System chat: Mouse3D has completed the challenge [Arbalistic]
[19:12:52] [Server thread/INFO]: System chat: Mouse3D has made the advancement [Sneak 100]
[19:12:52] [Server thread/INFO]: System chat: Mouse3D has completed the challenge [Blowback]
[19:12:52] [Server thread/INFO]: System chat: Mouse3D has made the advancement [Isn't It Scute?]
[19:12:52] [Server thread/INFO]: System chat: Mouse3D has completed the challenge [Bullseye]
[19:12:52] [Server thread/INFO]: System chat: Mouse3D has made the advancement [Careful Restoration]
[19:12:52] [Server thread/INFO]: System chat: Mouse3D has made the advancement [Crafters Crafting Crafters]
[19:12:52] [Server thread/INFO]: System chat: Mouse3D has made the advancement [Caves & Cliffs]
[19:12:52] [Server thread/INFO]: System chat: Mouse3D has made the advancement [Heart Transplanter]
[19:12:52] [Server thread/INFO]: System chat: Mouse3D has completed the challenge [Hero of the Village]
[19:12:52] [Server thread/INFO]: System chat: Mouse3D has made the advancement [Sticky Situation]
[19:12:52] [Server thread/INFO]: System chat: Mouse3D has made the advancement [Monster Hunter]
[19:12:52] [Server thread/INFO]: System chat: Mouse3D has completed the challenge [Monsters Hunted]
[19:12:52] [Server thread/INFO]: System chat: Mouse3D has completed the challenge [It Spreads]
[19:12:52] [Server thread/INFO]: System chat: Mouse3D has made the advancement [Lighten Up]
[19:12:52] [Server thread/INFO]: System chat: Mouse3D has made the advancement [Surge Protector]
[19:12:52] [Server thread/INFO]: System chat: Mouse3D has made the advancement [Minecraft: Trial(s) Edition]
[19:12:52] [Server thread/INFO]: System chat: Mouse3D has made the advancement [Ol' Betsy]
[19:12:52] [Server thread/INFO]: System chat: Mouse3D has completed the challenge [Over-Overkill]
[19:12:52] [Server thread/INFO]: System chat: Mouse3D has made the advancement [Sound of Music]
[19:12:52] [Server thread/INFO]: System chat: Mouse3D has made the advancement [The Power of Books]
[19:12:52] [Server thread/INFO]: System chat: Mouse3D has reached the goal [Revaulting]
[19:12:52] [Server thread/INFO]: System chat: Mouse3D has made the advancement [Respecting the Remnants]
[19:12:52] [Server thread/INFO]: System chat: Mouse3D has made the advancement [Take Aim]
[19:12:52] [Server thread/INFO]: System chat: Mouse3D has made the advancement [Sweet Dreams]
[19:12:52] [Server thread/INFO]: System chat: Mouse3D has completed the challenge [Sniper Duel]
[19:12:52] [Server thread/INFO]: System chat: Mouse3D has reached the goal [Mob Kabob]
[19:12:52] [Server thread/INFO]: System chat: Mouse3D has made the advancement [Is It a Plane?]
[19:12:52] [Server thread/INFO]: System chat: Mouse3D has made the advancement [Is It a Balloon?]
[19:12:52] [Server thread/INFO]: System chat: Mouse3D has made the advancement [Is It a Bird?]
[19:12:52] [Server thread/INFO]: System chat: Mouse3D has reached the goal [Hired Help]
[19:12:52] [Server thread/INFO]: System chat: Mouse3D has made the advancement [A Throwaway Joke]
[19:12:52] [Server thread/INFO]: System chat: Mouse3D has reached the goal [Postmortal]
[19:12:52] [Server thread/INFO]: System chat: Mouse3D has made the advancement [What a Deal!]
[19:12:52] [Server thread/INFO]: System chat: Mouse3D has made the advancement [Star Trader]
[19:12:52] [Server thread/INFO]: System chat: Mouse3D has completed the challenge [Smithing with Style]
[19:12:52] [Server thread/INFO]: System chat: Mouse3D has made the advancement [Crafting a New Look]
[19:12:52] [Server thread/INFO]: System chat: Mouse3D has completed the challenge [Two Birds, One Arrow]
[19:12:52] [Server thread/INFO]: System chat: Mouse3D has made the advancement [Under Lock and Key]
[19:12:52] [Server thread/INFO]: System chat: Mouse3D has made the advancement [Country Lode, Take Me Home]
[19:12:52] [Server thread/INFO]: System chat: Mouse3D has made the advancement [Very Very Frightening]
[19:12:52] [Server thread/INFO]: System chat: Mouse3D has made the advancement [Voluntary Exile]
[19:12:52] [Server thread/INFO]: System chat: Mouse3D has made the advancement [Light as a Rabbit]
[19:12:52] [Server thread/INFO]: System chat: Mouse3D has made the advancement [Who Needs Rockets?]
[19:12:52] [Server thread/INFO]: System chat: Mouse3D has made the advancement [Who's the Pillager Now?]
[19:12:52] [Server thread/INFO]: System chat: Mouse3D has reached the goal [You Need a Mint]
[19:12:52] [Server thread/INFO]: System chat: Mouse3D has reached the goal [The Next Generation]
[19:12:52] [Server thread/INFO]: System chat: Mouse3D has reached the goal [Sky's the Limit]
[19:12:52] [Server thread/INFO]: System chat: Mouse3D has made the advancement [Remote Getaway]
[19:12:52] [Server thread/INFO]: System chat: Mouse3D has made the advancement [The City at the End of the Game]
[19:12:52] [Server thread/INFO]: System chat: Mouse3D has made the advancement [Free the End]
[19:12:52] [Server thread/INFO]: System chat: Mouse3D has completed the challenge [Great View From Up Here]
[19:12:52] [Server thread/INFO]: System chat: Mouse3D has reached the goal [The End... Again...]
[19:12:52] [Server thread/INFO]: System chat: Mouse3D has made the advancement [Birthday Song]
[19:12:52] [Server thread/INFO]: System chat: Mouse3D has made the advancement [You've Got a Friend in Me]
[19:12:52] [Server thread/INFO]: System chat: Mouse3D has made the advancement [The Cutest Predator]
[19:12:52] [Server thread/INFO]: System chat: Mouse3D has completed the challenge [A Balanced Diet]
[19:12:52] [Server thread/INFO]: System chat: Mouse3D has completed the challenge [Two by Two]
[19:12:52] [Server thread/INFO]: System chat: Mouse3D has made the advancement [The Parrots and the Bats]
[19:12:52] [Server thread/INFO]: System chat: Mouse3D has completed the challenge [A Complete Catalogue]
[19:12:52] [Server thread/INFO]: System chat: Mouse3D has made the advancement [Little Sniffs]
[19:12:52] [Server thread/INFO]: System chat: Mouse3D has made the advancement [Fishy Business]
[19:12:52] [Server thread/INFO]: System chat: Mouse3D has completed the challenge [With Our Powers Combined!]
[19:12:52] [Server thread/INFO]: System chat: Mouse3D has made the advancement [The Healing Power of Friendship!]
[19:12:52] [Server thread/INFO]: System chat: Mouse3D has made the advancement [When the Squad Hops into Town]
[19:12:52] [Server thread/INFO]: System chat: Mouse3D has made the advancement [Glow and Behold!]
[19:12:52] [Server thread/INFO]: System chat: Mouse3D has completed the challenge [Serious Dedication]
[19:12:52] [Server thread/INFO]: System chat: Mouse3D has made the advancement [Smells Interesting]
[19:12:52] [Server thread/INFO]: System chat: Mouse3D has made the advancement [Stay Hydrated!]
[19:12:52] [Server thread/INFO]: System chat: Mouse3D has made the advancement [Planting the Past]
[19:12:52] [Server thread/INFO]: System chat: Mouse3D has made the advancement [A Seedy Place]
[19:12:52] [Server thread/INFO]: System chat: Mouse3D has made the advancement [Shear Brilliance]
[19:12:52] [Server thread/INFO]: System chat: Mouse3D has made the advancement [Good as New]
[19:12:52] [Server thread/INFO]: System chat: Mouse3D has made the advancement [Whatever Floats Your Goat!]
[19:12:52] [Server thread/INFO]: System chat: Mouse3D has made the advancement [Bee Our Guest]
[19:12:52] [Server thread/INFO]: System chat: Mouse3D has made the advancement [Total Beelocation]
[19:12:52] [Server thread/INFO]: System chat: Mouse3D has made the advancement [Tactical Fishing]
[19:12:52] [Server thread/INFO]: System chat: Mouse3D has made the advancement [Bukkit Bukkit]
[19:12:52] [Server thread/INFO]: System chat: Mouse3D has made the advancement [Best Friends Forever]
[19:12:52] [Server thread/INFO]: System chat: Mouse3D has made the advancement [Uh Oh]
[19:12:52] [Server thread/INFO]: System chat: Mouse3D has made the advancement [Wax Off]
[19:12:52] [Server thread/INFO]: System chat: Mouse3D has made the advancement [Wax On]
[19:12:52] [Server thread/INFO]: System chat: Mouse3D has completed the challenge [The Whole Pack]
[19:12:52] [Server thread/INFO]: System chat: Mouse3D has completed the challenge [How Did We Get Here?]
[19:12:52] [Server thread/INFO]: System chat: Mouse3D has completed the challenge [A Furious Cocktail]
[19:12:52] [Server thread/INFO]: System chat: Mouse3D has made the advancement [Local Brewery]
[19:12:52] [Server thread/INFO]: System chat: Mouse3D has made the advancement [Not Quite "Nine" Lives]
[19:12:52] [Server thread/INFO]: System chat: Mouse3D has made the advancement [Bring Home the Beacon]
[19:12:52] [Render thread/INFO]: [System] [CHAT] Mouse3D has completed the challenge [Adventuring Time]
[19:12:52] [Server thread/INFO]: System chat: Mouse3D has reached the goal [Beaconator]
[19:12:52] [Server thread/INFO]: System chat: Mouse3D has made the advancement [Oh Shiny]
[19:12:52] [Server thread/INFO]: System chat: Mouse3D has completed the challenge [Hot Tourist Destinations]
[19:12:52] [Server thread/INFO]: System chat: Mouse3D has completed the challenge [Subspace Bubble]
[19:12:52] [Server thread/INFO]: System chat: Mouse3D has made the advancement [Those Were the Days]
[19:12:52] [Server thread/INFO]: System chat: Mouse3D has made the advancement [A Terrible Fortress]
[19:12:52] [Server thread/INFO]: System chat: Mouse3D has made the advancement [Spooky Scary Skeleton]
[19:12:52] [Server thread/INFO]: System chat: Mouse3D has made the advancement [War Pigs]
[19:12:52] [Server thread/INFO]: System chat: Mouse3D has completed the challenge [Cover Me in Debris]
[19:12:52] [Server thread/INFO]: System chat: Mouse3D has made the advancement [Hidden in the Depths]
[19:12:52] [Server thread/INFO]: System chat: Mouse3D has made the advancement [Into Fire]
[19:12:52] [Server thread/INFO]: System chat: Mouse3D has made the advancement [Who is Cutting Onions?]
[19:12:52] [Server thread/INFO]: System chat: Mouse3D has completed the challenge [Return to Sender]
[19:12:52] [Server thread/INFO]: System chat: Mouse3D has made the advancement [This Boat Has Legs]
[19:12:52] [Server thread/INFO]: System chat: Mouse3D has made the advancement [Feels Like Home]
[19:12:52] [Server thread/INFO]: System chat: Mouse3D has made the advancement [Withering Heights]
[19:12:52] [Server thread/INFO]: System chat: Mouse3D has completed the challenge [Uneasy Alliance]
[19:12:52] [Render thread/INFO]: [System] [CHAT] Mouse3D has completed the challenge [Arbalistic]
[19:12:52] [Render thread/INFO]: [System] [CHAT] Mouse3D has made the advancement [Sneak 100]
[19:12:52] [Render thread/INFO]: [System] [CHAT] Mouse3D has completed the challenge [Blowback]
[19:12:52] [Render thread/INFO]: [System] [CHAT] Mouse3D has made the advancement [Isn't It Scute?]
[19:12:52] [Render thread/INFO]: [System] [CHAT] Mouse3D has completed the challenge [Bullseye]
[19:12:52] [Render thread/INFO]: [System] [CHAT] Mouse3D has made the advancement [Careful Restoration]
[19:12:52] [Render thread/INFO]: [System] [CHAT] Mouse3D has made the advancement [Crafters Crafting Crafters]
[19:12:52] [Render thread/INFO]: [System] [CHAT] Mouse3D has made the advancement [Caves & Cliffs]
[19:12:52] [Render thread/INFO]: [System] [CHAT] Mouse3D has made the advancement [Heart Transplanter]
[19:12:52] [Render thread/INFO]: [System] [CHAT] Mouse3D has completed the challenge [Hero of the Village]
[19:12:52] [Render thread/INFO]: [System] [CHAT] Mouse3D has made the advancement [Sticky Situation]
[19:12:52] [Render thread/INFO]: [System] [CHAT] Mouse3D has made the advancement [Monster Hunter]
[19:12:52] [Render thread/INFO]: [System] [CHAT] Mouse3D has completed the challenge [Monsters Hunted]
[19:12:52] [Render thread/INFO]: [System] [CHAT] Mouse3D has completed the challenge [It Spreads]
[19:12:52] [Render thread/INFO]: [System] [CHAT] Mouse3D has made the advancement [Lighten Up]
[19:12:52] [Render thread/INFO]: [System] [CHAT] Mouse3D has made the advancement [Surge Protector]
[19:12:52] [Render thread/INFO]: [System] [CHAT] Mouse3D has made the advancement [Minecraft: Trial(s) Edition]
[19:12:52] [Render thread/INFO]: [System] [CHAT] Mouse3D has made the advancement [Ol' Betsy]
[19:12:52] [Render thread/INFO]: [System] [CHAT] Mouse3D has completed the challenge [Over-Overkill]
[19:12:52] [Render thread/INFO]: [System] [CHAT] Mouse3D has made the advancement [Sound of Music]
[19:12:52] [Render thread/INFO]: [System] [CHAT] Mouse3D has made the advancement [The Power of Books]
[19:12:52] [Render thread/INFO]: [System] [CHAT] Mouse3D has reached the goal [Revaulting]
[19:12:52] [Render thread/INFO]: [System] [CHAT] Mouse3D has made the advancement [Respecting the Remnants]
[19:12:52] [Render thread/INFO]: [System] [CHAT] Mouse3D has made the advancement [Take Aim]
[19:12:52] [Render thread/INFO]: [System] [CHAT] Mouse3D has made the advancement [Sweet Dreams]
[19:12:52] [Render thread/INFO]: [System] [CHAT] Mouse3D has completed the challenge [Sniper Duel]
[19:12:52] [Render thread/INFO]: [System] [CHAT] Mouse3D has reached the goal [Mob Kabob]
[19:12:52] [Render thread/INFO]: [System] [CHAT] Mouse3D has made the advancement [Is It a Plane?]
[19:12:52] [Render thread/INFO]: [System] [CHAT] Mouse3D has made the advancement [Is It a Balloon?]
[19:12:52] [Render thread/INFO]: [System] [CHAT] Mouse3D has made the advancement [Is It a Bird?]
[19:12:52] [Render thread/INFO]: [System] [CHAT] Mouse3D has reached the goal [Hired Help]
[19:12:52] [Render thread/INFO]: [System] [CHAT] Mouse3D has made the advancement [A Throwaway Joke]
[19:12:52] [Render thread/INFO]: [System] [CHAT] Mouse3D has reached the goal [Postmortal]
[19:12:52] [Render thread/INFO]: [System] [CHAT] Mouse3D has made the advancement [What a Deal!]
[19:12:52] [Render thread/INFO]: [System] [CHAT] Mouse3D has made the advancement [Star Trader]
[19:12:52] [Render thread/INFO]: [System] [CHAT] Mouse3D has completed the challenge [Smithing with Style]
[19:12:52] [Render thread/INFO]: [System] [CHAT] Mouse3D has made the advancement [Crafting a New Look]
[19:12:52] [Render thread/INFO]: [System] [CHAT] Mouse3D has completed the challenge [Two Birds, One Arrow]
[19:12:52] [Render thread/INFO]: [System] [CHAT] Mouse3D has made the advancement [Under Lock and Key]
[19:12:52] [Render thread/INFO]: [System] [CHAT] Mouse3D has made the advancement [Country Lode, Take Me Home]
[19:12:52] [Render thread/INFO]: [System] [CHAT] Mouse3D has made the advancement [Very Very Frightening]
[19:12:52] [Render thread/INFO]: [System] [CHAT] Mouse3D has made the advancement [Voluntary Exile]
[19:12:52] [Render thread/INFO]: [System] [CHAT] Mouse3D has made the advancement [Light as a Rabbit]
[19:12:52] [Render thread/INFO]: [System] [CHAT] Mouse3D has made the advancement [Who Needs Rockets?]
[19:12:52] [Render thread/INFO]: [System] [CHAT] Mouse3D has made the advancement [Who's the Pillager Now?]
[19:12:52] [Render thread/INFO]: [System] [CHAT] Mouse3D has reached the goal [You Need a Mint]
[19:12:52] [Render thread/INFO]: [System] [CHAT] Mouse3D has reached the goal [The Next Generation]
[19:12:52] [Render thread/INFO]: [System] [CHAT] Mouse3D has reached the goal [Sky's the Limit]
[19:12:52] [Render thread/INFO]: [System] [CHAT] Mouse3D has made the advancement [Remote Getaway]
[19:12:52] [Render thread/INFO]: [System] [CHAT] Mouse3D has made the advancement [The City at the End of the Game]
[19:12:52] [Render thread/INFO]: [System] [CHAT] Mouse3D has made the advancement [Free the End]
[19:12:52] [Render thread/INFO]: [System] [CHAT] Mouse3D has completed the challenge [Great View From Up Here]
[19:12:52] [Render thread/INFO]: [System] [CHAT] Mouse3D has reached the goal [The End... Again...]
[19:12:52] [Render thread/INFO]: [System] [CHAT] Mouse3D has made the advancement [Birthday Song]
[19:12:52] [Render thread/INFO]: [System] [CHAT] Mouse3D has made the advancement [You've Got a Friend in Me]
[19:12:52] [Render thread/INFO]: [System] [CHAT] Mouse3D has made the advancement [The Cutest Predator]
[19:12:52] [Render thread/INFO]: [System] [CHAT] Mouse3D has completed the challenge [A Balanced Diet]
[19:12:52] [Render thread/INFO]: [System] [CHAT] Mouse3D has completed the challenge [Two by Two]
[19:12:52] [Render thread/INFO]: [System] [CHAT] Mouse3D has made the advancement [The Parrots and the Bats]
[19:12:52] [Render thread/INFO]: [System] [CHAT] Mouse3D has completed the challenge [A Complete Catalogue]
[19:12:52] [Render thread/INFO]: [System] [CHAT] Mouse3D has made the advancement [Little Sniffs]
[19:12:52] [Render thread/INFO]: [System] [CHAT] Mouse3D has made the advancement [Fishy Business]
[19:12:52] [Render thread/INFO]: [System] [CHAT] Mouse3D has completed the challenge [With Our Powers Combined!]
[19:12:52] [Render thread/INFO]: [System] [CHAT] Mouse3D has made the advancement [The Healing Power of Friendship!]
[19:12:52] [Render thread/INFO]: [System] [CHAT] Mouse3D has made the advancement [When the Squad Hops into Town]
[19:12:52] [Render thread/INFO]: [System] [CHAT] Mouse3D has made the advancement [Glow and Behold!]
[19:12:52] [Render thread/INFO]: [System] [CHAT] Mouse3D has completed the challenge [Serious Dedication]
[19:12:52] [Render thread/INFO]: [System] [CHAT] Mouse3D has made the advancement [Smells Interesting]
[19:12:52] [Render thread/INFO]: [System] [CHAT] Mouse3D has made the advancement [Stay Hydrated!]
[19:12:52] [Render thread/INFO]: [System] [CHAT] Mouse3D has made the advancement [Planting the Past]
[19:12:52] [Render thread/INFO]: [System] [CHAT] Mouse3D has made the advancement [A Seedy Place]
[19:12:52] [Render thread/INFO]: [System] [CHAT] Mouse3D has made the advancement [Shear Brilliance]
[19:12:52] [Render thread/INFO]: [System] [CHAT] Mouse3D has made the advancement [Good as New]
[19:12:52] [Render thread/INFO]: [System] [CHAT] Mouse3D has made the advancement [Whatever Floats Your Goat!]
[19:12:52] [Render thread/INFO]: [System] [CHAT] Mouse3D has made the advancement [Bee Our Guest]
[19:12:52] [Render thread/INFO]: [System] [CHAT] Mouse3D has made the advancement [Total Beelocation]
[19:12:52] [Render thread/INFO]: [System] [CHAT] Mouse3D has made the advancement [Tactical Fishing]
[19:12:52] [Render thread/INFO]: [System] [CHAT] Mouse3D has made the advancement [Bukkit Bukkit]
[19:12:52] [Render thread/INFO]: [System] [CHAT] Mouse3D has made the advancement [Best Friends Forever]
[19:12:52] [Render thread/INFO]: [System] [CHAT] Mouse3D has made the advancement [Uh Oh]
[19:12:52] [Render thread/INFO]: [System] [CHAT] Mouse3D has made the advancement [Wax Off]
[19:12:52] [Render thread/INFO]: [System] [CHAT] Mouse3D has made the advancement [Wax On]
[19:12:52] [Render thread/INFO]: [System] [CHAT] Mouse3D has completed the challenge [The Whole Pack]
[19:12:52] [Render thread/INFO]: [System] [CHAT] Mouse3D has completed the challenge [How Did We Get Here?]
[19:12:52] [Render thread/INFO]: [System] [CHAT] Mouse3D has completed the challenge [A Furious Cocktail]
[19:12:52] [Render thread/INFO]: [System] [CHAT] Mouse3D has made the advancement [Local Brewery]
[19:12:52] [Render thread/INFO]: [System] [CHAT] Mouse3D has made the advancement [Not Quite "Nine" Lives]
[19:12:52] [Render thread/INFO]: [System] [CHAT] Mouse3D has made the advancement [Bring Home the Beacon]
[19:12:52] [Render thread/INFO]: [System] [CHAT] Mouse3D has reached the goal [Beaconator]
[19:12:52] [Render thread/INFO]: [System] [CHAT] Mouse3D has made the advancement [Oh Shiny]
[19:12:52] [Render thread/INFO]: [System] [CHAT] Mouse3D has completed the challenge [Hot Tourist Destinations]
[19:12:52] [Render thread/INFO]: [System] [CHAT] Mouse3D has completed the challenge [Subspace Bubble]
[19:12:52] [Render thread/INFO]: [System] [CHAT] Mouse3D has made the advancement [Those Were the Days]
[19:12:52] [Render thread/INFO]: [System] [CHAT] Mouse3D has made the advancement [A Terrible Fortress]
[19:12:52] [Render thread/INFO]: [System] [CHAT] Mouse3D has made the advancement [Spooky Scary Skeleton]
[19:12:52] [Render thread/INFO]: [System] [CHAT] Mouse3D has made the advancement [War Pigs]
[19:12:52] [Render thread/INFO]: [System] [CHAT] Mouse3D has completed the challenge [Cover Me in Debris]
[19:12:52] [Render thread/INFO]: [System] [CHAT] Mouse3D has made the advancement [Hidden in the Depths]
[19:12:52] [Render thread/INFO]: [System] [CHAT] Mouse3D has made the advancement [Into Fire]
[19:12:52] [Render thread/INFO]: [System] [CHAT] Mouse3D has made the advancement [Who is Cutting Onions?]
[19:12:52] [Render thread/INFO]: [System] [CHAT] Mouse3D has completed the challenge [Return to Sender]
[19:12:52] [Render thread/INFO]: [System] [CHAT] Mouse3D has made the advancement [This Boat Has Legs]
[19:12:52] [Render thread/INFO]: [System] [CHAT] Mouse3D has made the advancement [Feels Like Home]
[19:12:52] [Render thread/INFO]: [System] [CHAT] Mouse3D has made the advancement [Withering Heights]
[19:12:52] [Render thread/INFO]: [System] [CHAT] Mouse3D has completed the challenge [Uneasy Alliance]
[19:12:52] [Server thread/INFO]: System chat: Mouse3D has reached the goal [Zombie Doctor]
[19:12:52] [Server thread/INFO]: System chat: Mouse3D has made the advancement [Not Today, Thank You]
[19:12:52] [Server thread/INFO]: System chat: Mouse3D has made the advancement [Enchanter]
[19:12:52] [Server thread/INFO]: System chat: Mouse3D has made the advancement [The End?]
[19:12:52] [Server thread/INFO]: System chat: Mouse3D has made the advancement [We Need to Go Deeper]
[19:12:52] [Server thread/INFO]: System chat: Mouse3D has made the advancement [Eye Spy]
[19:12:52] [Server thread/INFO]: System chat: Mouse3D has made the advancement [Ice Bucket Challenge]
[19:12:52] [Server thread/INFO]: System chat: Mouse3D has made the advancement [Isn't It Iron Pick?]
[19:12:52] [Server thread/INFO]: System chat: Mouse3D has made the advancement [Hot Stuff]
[19:12:52] [Server thread/INFO]: System chat: Mouse3D has made the advancement [Diamonds!]
[19:12:52] [Server thread/INFO]: System chat: Mouse3D has made the advancement [Stone Age]
[19:12:52] [Server thread/INFO]: System chat: Mouse3D has made the advancement [Suit Up]
[19:12:52] [Server thread/INFO]: System chat: Mouse3D has made the advancement [Cover Me with Diamonds]
[19:12:52] [Server thread/INFO]: System chat: Mouse3D has made the advancement [Acquire Hardware]
[19:12:52] [Server thread/INFO]: System chat: Mouse3D has made the advancement [Getting an Upgrade]
[19:12:52] [Server thread/INFO]: System chat: [Mouse3D: Granted 1866 advancements to Mouse3D]
[19:12:53] [Render thread/INFO]: [System] [CHAT] Mouse3D has reached the goal [Zombie Doctor]
[19:12:53] [Render thread/INFO]: [System] [CHAT] Mouse3D has made the advancement [Not Today, Thank You]
[19:12:53] [Render thread/INFO]: [System] [CHAT] Mouse3D has made the advancement [Enchanter]
[19:12:53] [Render thread/INFO]: [System] [CHAT] Mouse3D has made the advancement [The End?]
[19:12:53] [Render thread/INFO]: [System] [CHAT] Mouse3D has made the advancement [We Need to Go Deeper]
[19:12:53] [Render thread/INFO]: [System] [CHAT] Mouse3D has made the advancement [Eye Spy]
[19:12:53] [Render thread/INFO]: [System] [CHAT] Mouse3D has made the advancement [Ice Bucket Challenge]
[19:12:53] [Render thread/INFO]: [System] [CHAT] Mouse3D has made the advancement [Isn't It Iron Pick?]
[19:12:53] [Render thread/INFO]: [System] [CHAT] Mouse3D has made the advancement [Hot Stuff]
[19:12:53] [Render thread/INFO]: [System] [CHAT] Mouse3D has made the advancement [Diamonds!]
[19:12:53] [Render thread/INFO]: [System] [CHAT] Mouse3D has made the advancement [Stone Age]
[19:12:53] [Render thread/INFO]: [System] [CHAT] Mouse3D has made the advancement [Suit Up]
[19:12:53] [Render thread/INFO]: [System] [CHAT] Mouse3D has made the advancement [Cover Me with Diamonds]
[19:12:53] [Render thread/INFO]: [System] [CHAT] Mouse3D has made the advancement [Acquire Hardware]
[19:12:53] [Render thread/INFO]: [System] [CHAT] Mouse3D has made the advancement [Getting an Upgrade]
[19:12:53] [Render thread/INFO]: Loaded 1866 advancements
[19:12:53] [Render thread/INFO]: [System] [CHAT] Granted 1866 advancements to Mouse3D
[19:13:15] [Server thread/INFO]: Saving and pausing game...
[19:13:15] [Server thread/INFO]: Saving chunks for level 'ServerLevel[New World]'/minecraft:overworld
[19:13:15] [Server thread/INFO]: Saving chunks for level 'ServerLevel[New World]'/minecraft:the_end
[19:13:15] [Server thread/INFO]: Saving chunks for level 'ServerLevel[New World]'/minecraft:the_nether
[19:13:30] [Server thread/INFO]: Saving and pausing game...
[19:13:30] [Server thread/INFO]: Saving chunks for level 'ServerLevel[New World]'/minecraft:overworld
[19:13:30] [Server thread/INFO]: Saving chunks for level 'ServerLevel[New World]'/minecraft:the_end
[19:13:30] [Server thread/INFO]: Saving chunks for level 'ServerLevel[New World]'/minecraft:the_nether
[19:13:32] [Render thread/INFO]: Changing view distance to 12 (play stage)
[19:13:32] [Render thread/INFO]: Changing view distance to 12 (play stage)
[19:13:37] [Render thread/INFO]: Changing view distance to 12 (play stage)
[19:13:38] [Render thread/INFO]: Changing view distance to 12 (play stage)
[19:14:14] [Render thread/INFO]: Changing view distance to 12 (play stage)
[19:14:14] [Render thread/INFO]: Changing view distance to 12 (play stage)
[19:14:15] [Render thread/INFO]: Changing view distance to 12 (play stage)
[19:14:24] [Server thread/INFO]: Saving and pausing game...
[19:14:24] [Server thread/INFO]: Saving chunks for level 'ServerLevel[New World]'/minecraft:overworld
[19:14:24] [Server thread/INFO]: Saving chunks for level 'ServerLevel[New World]'/minecraft:the_end
[19:14:24] [Server thread/INFO]: Saving chunks for level 'ServerLevel[New World]'/minecraft:the_nether
[19:14:24] [Server thread/INFO]: Stopping server
[19:14:24] [Server thread/INFO]: Saving players
[19:14:24] [Server thread/INFO]: Mouse3D lost connection: Disconnected
[19:14:24] [Server thread/INFO]: System chat: Mouse3D left the game
[19:14:24] [Server thread/INFO]: Stopping singleplayer server as player logged out
[19:14:24] [Server thread/INFO]: Saving worlds
[19:14:24] [Server thread/INFO]: ServerLevel[New World]/minecraft:overworld: waiting for 2601 chunks to unload
[19:14:24] [Server thread/INFO]: Saving chunks for level 'ServerLevel[New World]'/minecraft:overworld
[19:14:24] [Server thread/INFO]: Saving chunks for level 'ServerLevel[New World]'/minecraft:the_end
[19:14:24] [Server thread/INFO]: Saving chunks for level 'ServerLevel[New World]'/minecraft:the_nether
[19:14:24] [C2ME Storage #3/INFO]: Storage thread Thread[#108,C2ME Storage #3,8,main] stopped
[19:14:24] [C2ME Storage #2/INFO]: Storage thread Thread[#107,C2ME Storage #2,8,main] stopped
[19:14:24] [C2ME Storage #1/INFO]: Storage thread Thread[#106,C2ME Storage #1,8,main] stopped
[19:14:24] [C2ME Storage #6/INFO]: Storage thread Thread[#111,C2ME Storage #6,8,main] stopped
[19:14:24] [C2ME Storage #5/INFO]: Storage thread Thread[#110,C2ME Storage #5,8,main] stopped
[19:14:24] [C2ME Storage #4/INFO]: Storage thread Thread[#109,C2ME Storage #4,8,main] stopped
[19:14:24] [C2ME Storage #9/INFO]: Storage thread Thread[#114,C2ME Storage #9,8,main] stopped
[19:14:24] [C2ME Storage #8/INFO]: Storage thread Thread[#113,C2ME Storage #8,8,main] stopped
[19:14:24] [C2ME Storage #7/INFO]: Storage thread Thread[#112,C2ME Storage #7,8,main] stopped
[19:14:25] [Render thread/INFO]: Stopping!
